<html>
<body>
<pre>
<h1>µVision Build Log</h1>
<h2>Tool Versions:</h2>
IDE-Version: ¦ÌVision V5.17.0.0
Copyright (C) 2015 ARM Ltd and ARM Germany GmbH. All rights reserved.
License Information: gu gooyle, HP Inc., LIC=50D8T-R3F1K-BXBUY-IAUXF-I9FM9-IWGGD
 
Tool Versions:
Toolchain:       MDK-ARM Professional  Version: 5.17
Toolchain Path:  D:\software_gy\MDK\ARM\ARMCC\Bin
C Compiler:      Armcc.exe V5.06 update 1 (build 61)
Assembler:       Armasm.exe V5.06 update 1 (build 61)
Linker/Locator:  ArmLink.exe V5.06 update 1 (build 61)
Library Manager: ArmAr.exe V5.06 update 1 (build 61)
Hex Converter:   FromElf.exe V5.06 update 1 (build 61)
CPU DLL:         SARMCM3.DLL V5.17
Dialog DLL:      DCM.DLL V1.13.4.0
Target DLL:      STLink\ST-LINKIII-KEIL_SWO.dll V2.0.18.0
Dialog DLL:      TCM.DLL V1.14.6.0
 
<h2>Project:</h2>
C:\Users\gooyle\Desktop\embeded course design\USER\SX1715007guyu.uvprojx
Project File Date:  08/30/2018

<h2>Output:</h2>
*** Using Compiler 'V5.06 update 1 (build 61)', folder: 'D:\software_gy\MDK\ARM\ARMCC\Bin'
Build target 'LCD'
compiling main.c...
..\HARDWARE\PID\pid_initial.h(30): warning:  #1-D: last line of file ends without a newline
  #endif
main.c(18): warning:  #177-D: variable "count" was declared but never referenced
  	uint16_t count = 0;
main.c(19): warning:  #177-D: variable "x" was declared but never referenced
   	u8 x=0;
main.c(20): warning:  #177-D: variable "lcd_id" was declared but never referenced
  	u8 lcd_id[12];				//?æ·?LCD ID?Ö·û´?
main.c: 4 warnings, 0 errors
linking...
Program Size: Code=9260 RO-data=424 RW-data=56 ZI-data=1872  
FromELF: creating hex file...
"..\OBJ\LCD.axf" - 0 Error(s), 4 Warning(s).

<h2>Collection of Component include folders:</h2>
  C:\Users\gooyle\Desktop\embeded course design\USER\RTE
  D:\software_gy\MDK\ARM\PACK\Keil\STM32F4xx_DFP\1.0.8\Device\Include

<h2>Collection of Component Files used:</h2>
Build Time Elapsed:  00:00:01
</pre>
</body>
</html>
