Component: ARM Compiler 5.06 update 1 (build 61) Tool: armlink [4d35a8]

==============================================================================

Section Cross References

    main.o(.text) refers to _printf_pad.o(.text) for _printf_pre_padding
    main.o(.text) refers to _printf_percent.o(.ARM.Collect$$_printf_percent$$00000000) for _printf_percent
    main.o(.text) refers to _printf_x.o(.ARM.Collect$$_printf_percent$$0000000C) for _printf_x
    main.o(.text) refers to _printf_hex_int.o(.text) for _printf_longlong_hex
    main.o(.text) refers to misc.o(.text) for NVIC_PriorityGroupConfig
    main.o(.text) refers to delay.o(.text) for delay_init
    main.o(.text) refers to usart.o(.text) for uart_init
    main.o(.text) refers to pid_initial.o(.text) for PidMotorsets
    main.o(.text) refers to pwm.o(.text) for Gpio_Initial
    main.o(.text) refers to encoder.o(.text) for Encoder_Init_TIM2
    main.o(.text) refers to lcd.o(.text) for LCD_Init
    main.o(.text) refers to noretval__2sprintf.o(.text) for __2sprintf
    main.o(.text) refers to lcd.o(.data) for POINT_COLOR
    main.o(.text) refers to lcd.o(.bss) for lcddev
    system_stm32f4xx.o(.text) refers to system_stm32f4xx.o(.data) for SystemCoreClock
    led.o(.text) refers to stm32f4xx_rcc.o(.text) for RCC_AHB1PeriphClockCmd
    led.o(.text) refers to stm32f4xx_gpio.o(.text) for GPIO_Init
    lcd.o(.text) refers to _printf_percent.o(.ARM.Collect$$_printf_percent$$00000000) for _printf_percent
    lcd.o(.text) refers to _printf_x.o(.ARM.Collect$$_printf_percent$$0000000C) for _printf_x
    lcd.o(.text) refers to _printf_hex_int.o(.text) for _printf_longlong_hex
    lcd.o(.text) refers to delay.o(.text) for delay_us
    lcd.o(.text) refers to lcd.o(.bss) for lcddev
    lcd.o(.text) refers to lcd.o(.data) for POINT_COLOR
    lcd.o(.text) refers to dflt_clz.o(x$fpl$dfltu) for __aeabi_ui2d
    lcd.o(.text) refers to dmul.o(x$fpl$dmul) for __aeabi_dmul
    lcd.o(.text) refers to dfixu.o(x$fpl$dfixu) for __aeabi_d2uiz
    lcd.o(.text) refers to stm32f4xx_rcc.o(.text) for RCC_AHB1PeriphClockCmd
    lcd.o(.text) refers to stm32f4xx_gpio.o(.text) for GPIO_Init
    lcd.o(.text) refers to stm32f4xx_fsmc.o(.text) for FSMC_NORSRAMInit
    lcd.o(.text) refers to noretval__2printf.o(.text) for __2printf
    lcd.o(.text) refers to lcd.o(.constdata) for asc2_1206
    pid_initial.o(.text) refers to _printf_percent.o(.ARM.Collect$$_printf_percent$$00000000) for _printf_percent
    pid_initial.o(.text) refers to _printf_f.o(.ARM.Collect$$_printf_percent$$00000003) for _printf_f
    pid_initial.o(.text) refers to printf1.o(x$fpl$printf1) for _printf_fp_dec
    pid_initial.o(.text) refers to stm32f4xx_tim.o(.text) for TIM_GetCounter
    pid_initial.o(.text) refers to dflt_clz.o(x$fpl$dfltu) for __aeabi_ui2d
    pid_initial.o(.text) refers to fabs.o(i.__hardfp_fabs) for __hardfp_fabs
    pid_initial.o(.text) refers to d2f.o(x$fpl$d2f) for __aeabi_d2f
    pid_initial.o(.text) refers to delay.o(.text) for delay_ms
    pid_initial.o(.text) refers to f2d.o(x$fpl$f2d) for __aeabi_f2d
    pid_initial.o(.text) refers to noretval__2printf.o(.text) for __2printf
    pid_initial.o(.text) refers to pid_initial.o(.bss) for PidMotor_1
    pid_initial.o(.text) refers to pid_initial.o(.data) for Et
    pwm.o(.text) refers to stm32f4xx_rcc.o(.text) for RCC_APB1PeriphClockCmd
    pwm.o(.text) refers to stm32f4xx_gpio.o(.text) for GPIO_PinAFConfig
    pwm.o(.text) refers to stm32f4xx_tim.o(.text) for TIM_TimeBaseInit
    pwm.o(.text) refers to misc.o(.text) for NVIC_Init
    pwm.o(.text) refers to pid_initial.o(.text) for Pid_PwmContrl
    pwm.o(.text) refers to pid_initial.o(.bss) for PidMotor_1
    encoder.o(.text) refers to stm32f4xx_rcc.o(.text) for RCC_AHB1PeriphClockCmd
    encoder.o(.text) refers to stm32f4xx_gpio.o(.text) for GPIO_Init
    encoder.o(.text) refers to stm32f4xx_tim.o(.text) for TIM_DeInit
    delay.o(.text) refers to misc.o(.text) for SysTick_CLKSourceConfig
    delay.o(.text) refers to delay.o(.data) for fac_us
    usart.o(.rev16_text) refers (Special) to use_no_semi_2.o(.text) for __use_no_semihosting
    usart.o(.revsh_text) refers (Special) to use_no_semi_2.o(.text) for __use_no_semihosting
    usart.o(.text) refers (Special) to use_no_semi_2.o(.text) for __use_no_semihosting
    usart.o(.text) refers to stm32f4xx_rcc.o(.text) for RCC_AHB1PeriphClockCmd
    usart.o(.text) refers to stm32f4xx_gpio.o(.text) for GPIO_PinAFConfig
    usart.o(.text) refers to stm32f4xx_usart.o(.text) for USART_Init
    usart.o(.text) refers to misc.o(.text) for NVIC_Init
    usart.o(.text) refers to usart.o(.data) for USART_RX_STA
    usart.o(.text) refers to usart.o(.bss) for USART_RX_BUF
    usart.o(.bss) refers (Special) to use_no_semi_2.o(.text) for __use_no_semihosting
    usart.o(.data) refers (Special) to use_no_semi_2.o(.text) for __use_no_semihosting
    startup_stm32f40_41xxx.o(STACK) refers (Special) to heapauxi.o(.text) for __use_two_region_memory
[...]
    ..\\FWLIB\\src\\misc.c                   0x00000000   Number         0  misc.o ABSOLUTE
    ..\\FWLIB\\src\\stm32f4xx_fsmc.c         0x00000000   Number         0  stm32f4xx_fsmc.o ABSOLUTE
    ..\\FWLIB\\src\\stm32f4xx_gpio.c         0x00000000   Number         0  stm32f4xx_gpio.o ABSOLUTE
    ..\\FWLIB\\src\\stm32f4xx_rcc.c          0x00000000   Number         0  stm32f4xx_rcc.o ABSOLUTE
    ..\\FWLIB\\src\\stm32f4xx_syscfg.c       0x00000000   Number         0  stm32f4xx_syscfg.o ABSOLUTE
    ..\\FWLIB\\src\\stm32f4xx_tim.c          0x00000000   Number         0  stm32f4xx_tim.o ABSOLUTE
    ..\\FWLIB\\src\\stm32f4xx_usart.c        0x00000000   Number         0  stm32f4xx_usart.o ABSOLUTE
    ..\\HARDWARE\\ENCODER\\encoder.c         0x00000000   Number         0  encoder.o ABSOLUTE
    ..\\HARDWARE\\LCD\\lcd.c                 0x00000000   Number         0  lcd.o ABSOLUTE
    ..\\HARDWARE\\LED\\led.c                 0x00000000   Number         0  led.o ABSOLUTE
    ..\\HARDWARE\\PID\\pid_initial.c         0x00000000   Number         0  pid_initial.o ABSOLUTE
    ..\\HARDWARE\\PWM\\pwm.c                 0x00000000   Number         0  pwm.o ABSOLUTE
    ..\\SYSTEM\\delay\\delay.c               0x00000000   Number         0  delay.o ABSOLUTE
    ..\\SYSTEM\\sys\\sys.c                   0x00000000   Number         0  sys.o ABSOLUTE
    ..\\SYSTEM\\usart\\usart.c               0x00000000   Number         0  usart.o ABSOLUTE
    dc.s                                     0x00000000   Number         0  dc.o ABSOLUTE
    main.c                                   0x00000000   Number         0  main.o ABSOLUTE
    main.c                                   0x00000000   Number         0  main.o ABSOLUTE
    stm32f4xx_it.c                           0x00000000   Number         0  stm32f4xx_it.o ABSOLUTE
    stm32f4xx_it.c                           0x00000000   Number         0  stm32f4xx_it.o ABSOLUTE
    system_stm32f4xx.c                       0x00000000   Number         0  system_stm32f4xx.o ABSOLUTE
    system_stm32f4xx.c                       0x00000000   Number         0  system_stm32f4xx.o ABSOLUTE
    RESET                                    0x08000000   Section      392  startup_stm32f40_41xxx.o(RESET)
    !!!main                                  0x08000188   Section        8  __main.o(!!!main)
    !!!scatter                               0x08000190   Section       52  __scatter.o(!!!scatter)
    !!handler_copy                           0x080001c4   Section       26  __scatter_copy.o(!!handler_copy)
    !!handler_zi                             0x080001e0   Section       28  __scatter_zi.o(!!handler_zi)
    .ARM.Collect$$_printf_percent$$00000000  0x080001fc   Section        0  _printf_percent.o(.ARM.Collect$$_printf_percent$$00000000)
    .ARM.Collect$$_printf_percent$$00000003  0x080001fc   Section        6  _printf_f.o(.ARM.Collect$$_printf_percent$$00000003)
    .ARM.Collect$$_printf_percent$$0000000C  0x08000202   Section        6  _printf_x.o(.ARM.Collect$$_printf_percent$$0000000C)
    .ARM.Collect$$_printf_percent$$00000017  0x08000208   Section        4  _printf_percent_end.o(.ARM.Collect$$_printf_percent$$00000017)
    .ARM.Collect$$libinit$$00000000          0x0800020c   Section        2  libinit.o(.ARM.Collect$$libinit$$00000000)
    .ARM.Collect$$libinit$$00000001          0x0800020e   Section        4  libinit2.o(.ARM.Collect$$libinit$$00000001)
    .ARM.Collect$$libinit$$00000004          0x08000212   Section        0  libinit2.o(.ARM.Collect$$libinit$$00000004)
    .ARM.Collect$$libinit$$0000000A          0x08000212   Section        0  libinit2.o(.ARM.Collect$$libinit$$0000000A)
    .ARM.Collect$$libinit$$0000000C          0x08000212   Section        0  libinit2.o(.ARM.Collect$$libinit$$0000000C)
    .ARM.Collect$$libinit$$0000000E          0x08000212   Section        0  libinit2.o(.ARM.Collect$$libinit$$0000000E)
    .ARM.Collect$$libinit$$0000000F          0x08000212   Section        6  libinit2.o(.ARM.Collect$$libinit$$0000000F)
    .ARM.Collect$$libinit$$00000011          0x08000218   Section        0  libinit2.o(.ARM.Collect$$libinit$$00000011)
    .ARM.Collect$$libinit$$00000013          0x08000218   Section        0  libinit2.o(.ARM.Collect$$libinit$$00000013)
    .ARM.Collect$$libinit$$00000015          0x08000218   Section        0  libinit2.o(.ARM.Collect$$libinit$$00000015)
    .ARM.Collect$$libinit$$00000016          0x08000218   Section       10  libinit2.o(.ARM.Collect$$libinit$$00000016)
    .ARM.Collect$$libinit$$00000017          0x08000222   Section        0  libinit2.o(.ARM.Collect$$libinit$$00000017)
    .ARM.Collect$$libinit$$00000019          0x08000222   Section        0  libinit2.o(.ARM.Collect$$libinit$$00000019)
    .ARM.Collect$$libinit$$0000001B          0x08000222   Section        0  libinit2.o(.ARM.Collect$$libinit$$0000001B)
    .ARM.Collect$$libinit$$0000001D          0x08000222   Section        0  libinit2.o(.ARM.Collect$$libinit$$0000001D)
    .ARM.Collect$$libinit$$0000001F          0x08000222   Section        0  libinit2.o(.ARM.Collect$$libinit$$0000001F)
    .ARM.Collect$$libinit$$00000021          0x08000222   Section        0  libinit2.o(.ARM.Collect$$libinit$$00000021)
    .ARM.Collect$$libinit$$00000023          0x08000222   Section        0  libinit2.o(.ARM.Collect$$libinit$$00000023)
    .ARM.Collect$$libinit$$00000025          0x08000222   Section        0  libinit2.o(.ARM.Collect$$libinit$$00000025)
    .ARM.Collect$$libinit$$0000002C          0x08000222   Section        0  libinit2.o(.ARM.Collect$$libinit$$0000002C)
    .ARM.Collect$$libinit$$0000002E          0x08000222   Section        0  libinit2.o(.ARM.Collect$$libinit$$0000002E)
    .ARM.Collect$$libinit$$00000030          0x08000222   Section        0  libinit2.o(.ARM.Collect$$libinit$$00000030)
    .ARM.Collect$$libinit$$00000032          0x08000222   Section        0  libinit2.o(.ARM.Collect$$libinit$$00000032)
    .ARM.Collect$$libinit$$00000033          0x08000222   Section        2  libinit2.o(.ARM.Collect$$libinit$$00000033)
    .ARM.Collect$$libshutdown$$00000000      0x08000224   Section        2  libshutdown.o(.ARM.Collect$$libshutdown$$00000000)
    .ARM.Collect$$libshutdown$$00000002      0x08000226   Section        0  libshutdown2.o(.ARM.Collect$$libshutdown$$00000002)
    .ARM.Collect$$libshutdown$$00000004      0x08000226   Section        0  libshutdown2.o(.ARM.Collect$$libshutdown$$00000004)
    .ARM.Collect$$libshutdown$$00000007      0x08000226   Section        0  libshutdown2.o(.ARM.Collect$$libshutdown$$00000007)
    .ARM.Collect$$libshutdown$$0000000A      0x08000226   Section        0  libshutdown2.o(.ARM.Collect$$libshutdown$$0000000A)
    .ARM.Collect$$libshutdown$$0000000C      0x08000226   Section        0  libshutdown2.o(.ARM.Collect$$libshutdown$$0000000C)
    .ARM.Collect$$libshutdown$$0000000F      0x08000226   Section        0  libshutdown2.o(.ARM.Collect$$libshutdown$$0000000F)
    .ARM.Collect$$libshutdown$$00000010      0x08000226   Section        2  libshutdown2.o(.ARM.Collect$$libshutdown$$00000010)
    .ARM.Collect$$rtentry$$00000000          0x08000228   Section        0  __rtentry.o(.ARM.Collect$$rtentry$$00000000)
    .ARM.Collect$$rtentry$$00000002          0x08000228   Section        0  __rtentry2.o(.ARM.Collect$$rtentry$$00000002)
    .ARM.Collect$$rtentry$$00000004          0x08000228   Section        6  __rtentry4.o(.ARM.Collect$$rtentry$$00000004)
    .ARM.Collect$$rtentry$$00000009          0x0800022e   Section        0  __rtentry2.o(.ARM.Collect$$rtentry$$00000009)
    .ARM.Collect$$rtentry$$0000000A          0x0800022e   Section        4  __rtentry2.o(.ARM.Collect$$rtentry$$0000000A)
    .ARM.Collect$$rtentry$$0000000C          0x08000232   Section        0  __rtentry2.o(.ARM.Collect$$rtentry$$0000000C)
    .ARM.Collect$$rtentry$$0000000D          0x08000232   Section        8  __rtentry2.o(.ARM.Collect$$rtentry$$0000000D)
    .ARM.Collect$$rtexit$$00000000           0x0800023a   Section        2  rtexit.o(.ARM.Collect$$rtexit$$00000000)
    .ARM.Collect$$rtexit$$00000002           0x0800023c   Section        0  rtexit2.o(.ARM.Collect$$rtexit$$00000002)
    .ARM.Collect$$rtexit$$00000003           0x0800023c   Section        4  rtexit2.o(.ARM.Collect$$rtexit$$00000003)
    .ARM.Collect$$rtexit$$00000004           0x08000240   Section        6  rtexit2.o(.ARM.Collect$$rtexit$$00000004)
    .text                                    0x08000248   Section        0  main.o(.text)
    .text                                    0x08000354   Section        0  stm32f4xx_it.o(.text)
    .text                                    0x08000370   Section        0  system_stm32f4xx.o(.text)
    SetSysClock                              0x08000371   Thumb Code   220  system_stm32f4xx.o(.text)
    .text                                    0x08000580   Section        0  lcd.o(.text)
    .text                                    0x08005200   Section        0  pid_initial.o(.text)
    .text                                    0x08005330   Section        0  pwm.o(.text)
    .text                                    0x080054d0   Section        0  encoder.o(.text)
    .text                                    0x080055c0   Section        0  delay.o(.text)
    .text                                    0x080056c4   Section        0  usart.o(.text)
    .text                                    0x08005810   Section       64  startup_stm32f40_41xxx.o(.text)
    $v0                                      0x08005810   Number         0  startup_stm32f40_41xxx.o(.text)
    .text                                    0x08005850   Section        0  misc.o(.text)
    .text                                    0x08005930   Section        0  stm32f4xx_gpio.o(.text)
    .text                                    0x08005bc4   Section        0  stm32f4xx_fsmc.o(.text)
    .text                                    0x0800618c   Section        0  stm32f4xx_rcc.o(.text)
    .text                                    0x080067e8   Section        0  stm32f4xx_usart.o(.text)
    .text                                    0x08006c3c   Section        0  stm32f4xx_tim.o(.text)
    TI4_Config                               0x080073db   Thumb Code    80  stm32f4xx_tim.o(.text)
    TI3_Config                               0x0800743d   Thumb Code    72  stm32f4xx_tim.o(.text)
    TI2_Config                               0x0800749f   Thumb Code    90  stm32f4xx_tim.o(.text)
    TI1_Config                               0x0800750b   Thumb Code    58  stm32f4xx_tim.o(.text)
    .text                                    0x080078de   Section        2  use_no_semi_2.o(.text)
    .text                                    0x080078e0   Section        0  noretval__2printf.o(.text)
    .text                                    0x080078f8   Section        0  noretval__2sprintf.o(.text)
    .text                                    0x08007920   Section        0  _printf_pad.o(.text)
    .text                                    0x08007970   Section        0  _printf_hex_int.o(.text)
    .text                                    0x080079c8   Section        0  __printf_flags_wp.o(.text)
    .text                                    0x08007b00   Section        0  heapauxi.o(.text)
    .text                                    0x08007b06   Section        2  use_no_semi.o(.text)
    .text                                    0x08007b08   Section        0  _printf_intcommon.o(.text)
    .text                                    0x08007bba   Section        0  _printf_fp_dec.o(.text)
    _fp_digits                               0x08007bbd   Thumb Code   428  _printf_fp_dec.o(.text)
    .text                                    0x08007fd4   Section        0  _printf_char_common.o(.text)
    _printf_input_char                       0x08007fd5   Thumb Code    10  _printf_char_common.o(.text)
    .text                                    0x08008004   Section        0  _sputc.o(.text)
    .text                                    0x08008010   Section        0  _printf_char_file.o(.text)
    .text                                    0x08008034   Section        8  rt_locale_intlibspace.o(.text)
    .text                                    0x0800803c   Section      138  lludiv10.o(.text)
    .text                                    0x080080c8   Section        0  _printf_fp_infnan.o(.text)
    .text                                    0x08008148   Section        0  bigflt0.o(.text)
    .text                                    0x08008224   Section        0  ferror.o(.text)
    .text                                    0x0800822c   Section        8  libspace.o(.text)
    .text                                    0x08008234   Section       74  sys_stackheap_outer.o(.text)
    .text                                    0x0800827e   Section        0  exit.o(.text)
    .text                                    0x08008290   Section      128  strcmpv7m.o(.text)
    CL$$btod_d2e                             0x08008310   Section       62  btod.o(CL$$btod_d2e)
    CL$$btod_d2e_denorm_low                  0x0800834e   Section       70  btod.o(CL$$btod_d2e_denorm_low)
    CL$$btod_d2e_norm_op1                    0x08008394   Section       96  btod.o(CL$$btod_d2e_norm_op1)
    CL$$btod_div_common                      0x080083f4   Section      824  btod.o(CL$$btod_div_common)
    CL$$btod_e2e                             0x0800872c   Section      198  btod.o(CL$$btod_e2e)
    CL$$btod_ediv                            0x080087f2   Section       40  btod.o(CL$$btod_ediv)
    CL$$btod_emul                            0x0800881a   Section       40  btod.o(CL$$btod_emul)
    CL$$btod_mult_common                     0x08008842   Section      580  btod.o(CL$$btod_mult_common)
    i.__ARM_fpclassify                       0x08008a86   Section        0  fpclassify.o(i.__ARM_fpclassify)
    i.__hardfp_fabs                          0x08008ab6   Section        0  fabs.o(i.__hardfp_fabs)
    i._is_digit                              0x08008aca   Section        0  __printf_wp.o(i._is_digit)
    locale$$code                             0x08008ad8   Section       44  lc_numeric_c.o(locale$$code)
    x$fpl$d2f                                0x08008b04   Section       98  d2f.o(x$fpl$d2f)
    $v0                                      0x08008b04   Number         0  d2f.o(x$fpl$d2f)
    x$fpl$dfixu                              0x08008b68   Section       90  dfixu.o(x$fpl$dfixu)
    $v0                                      0x08008b68   Number         0  dfixu.o(x$fpl$dfixu)
    x$fpl$dfltu                              0x08008bc2   Section       38  dflt_clz.o(x$fpl$dfltu)
    $v0                                      0x08008bc2   Number         0  dflt_clz.o(x$fpl$dfltu)
    x$fpl$dmul                               0x08008be8   Section      340  dmul.o(x$fpl$dmul)
    $v0                                      0x08008be8   Number         0  dmul.o(x$fpl$dmul)
    x$fpl$dnaninf                            0x08008d3c   Section      156  dnaninf.o(x$fpl$dnaninf)
    $v0                                      0x08008d3c   Number         0  dnaninf.o(x$fpl$dnaninf)
    x$fpl$dretinf                            0x08008dd8   Section       12  dretinf.o(x$fpl$dretinf)
    $v0                                      0x08008dd8   Number         0  dretinf.o(x$fpl$dretinf)
    x$fpl$f2d                                0x08008de4   Section       86  f2d.o(x$fpl$f2d)
    $v0                                      0x08008de4   Number         0  f2d.o(x$fpl$f2d)
    x$fpl$fnaninf                            0x08008e3a   Section      140  fnaninf.o(x$fpl$fnaninf)
    $v0                                      0x08008e3a   Number         0  fnaninf.o(x$fpl$fnaninf)
    x$fpl$fpinit                             0x08008ec6   Section       10  fpinit.o(x$fpl$fpinit)
    $v0                                      0x08008ec6   Number         0  fpinit.o(x$fpl$fpinit)
    x$fpl$fretinf                            0x08008ed0   Section       10  fretinf.o(x$fpl$fretinf)
    $v0                                      0x08008ed0   Number         0  fretinf.o(x$fpl$fretinf)
    x$fpl$printf1                            0x08008eda   Section        4  printf1.o(x$fpl$printf1)
    $v0                                      0x08008eda   Number         0  printf1.o(x$fpl$printf1)
    .constdata                               0x08008ede   Section     6080  lcd.o(.constdata)
    x$fpl$usenofp                            0x08008ede   Section        0  usenofp.o(x$fpl$usenofp)
    .constdata                               0x0800a6a0   Section       28  stm32f4xx_fsmc.o(.constdata)
    .constdata                               0x0800a6bc   Section       40  _printf_hex_int.o(.constdata)
    uc_hextab                                0x0800a6bc   Data          20  _printf_hex_int.o(.constdata)
    lc_hextab                                0x0800a6d0   Data          20  _printf_hex_int.o(.constdata)
    .constdata                               0x0800a6e4   Section       17  __printf_flags_wp.o(.constdata)
    maptable                                 0x0800a6e4   Data          17  __printf_flags_wp.o(.constdata)
    .constdata                               0x0800a6f8   Section      148  bigflt0.o(.constdata)
    tenpwrs_x                                0x0800a6f8   Data          60  bigflt0.o(.constdata)
    tenpwrs_i                                0x0800a734   Data          64  bigflt0.o(.constdata)
    locale$$data                             0x0800a7ac   Section       28  lc_numeric_c.o(locale$$data)
    __lcnum_c_name                           0x0800a7b0   Data           2  lc_numeric_c.o(locale$$data)
    __lcnum_c_start                          0x0800a7b8   Data           0  lc_numeric_c.o(locale$$data)
    __lcnum_c_point                          0x0800a7c4   Data           0  lc_numeric_c.o(locale$$data)
    __lcnum_c_thousands                      0x0800a7c6   Data           0  lc_numeric_c.o(locale$$data)
    __lcnum_c_grouping                       0x0800a7c7   Data           0  lc_numeric_c.o(locale$$data)
    __lcnum_c_end                            0x0800a7c8   Data           0  lc_numeric_c.o(locale$$data)
    .data                                    0x20000000   Section       20  system_stm32f4xx.o(.data)
    .data                                    0x20000014   Section        4  lcd.o(.data)
    .data                                    0x20000018   Section        8  pid_initial.o(.data)
    Et                                       0x20000018   Data           4  pid_initial.o(.data)
    Sum_Et                                   0x2000001c   Data           4  pid_initial.o(.data)
    .data                                    0x20000020   Section        4  delay.o(.data)
    fac_us                                   0x20000020   Data           1  delay.o(.data)
    fac_ms                                   0x20000022   Data           2  delay.o(.data)
    .data                                    0x20000024   Section        6  usart.o(.data)
    .data                                    0x2000002a   Section       16  stm32f4xx_rcc.o(.data)
    APBAHBPrescTable                         0x2000002a   Data          16  stm32f4xx_rcc.o(.data)
    .bss                                     0x2000003c   Section       14  lcd.o(.bss)
    .bss                                     0x2000004c   Section       24  pid_initial.o(.bss)
    .bss                                     0x20000064   Section      200  usart.o(.bss)
    .bss                                     0x2000012c   Section       96  libspace.o(.bss)
    HEAP                                     0x20000190   Section      512  startup_stm32f40_41xxx.o(HEAP)
    Heap_Mem                                 0x20000190   Data         512  startup_stm32f40_41xxx.o(HEAP)
    STACK                                    0x20000390   Section     1024  startup_stm32f40_41xxx.o(STACK)
    Stack_Mem                                0x20000390   Data        1024  startup_stm32f40_41xxx.o(STACK)
    __initial_sp                             0x20000790   Data           0  startup_stm32f40_41xxx.o(STACK)

    Global Symbols

    Symbol Name                              Value     Ov Type        Size  Object(Section)

    BuildAttributes$$THM_ISAv4$E$P$D$K$B$S$7EM$VFPi3$EXTD16$VFPS$VFMA$PE$A:L22UL41UL21$X:L11$S22US41US21$IEEE1$IW$USESV6$~STKCKD$USESV7$~SHL$OTIME$ROPI$IEEEJ$EBA8$UX$STANDARDLIB$REQ8$PRES8$EABIv2 0x00000000   Number         0  anon$$obj.o ABSOLUTE
    __ARM_use_no_argv                        0x00000000   Number         0  main.o ABSOLUTE
    _printf_flags                            0x00000000   Number         0  printf_stubs.o ABSOLUTE
    _printf_return_value                     0x00000000   Number         0  printf_stubs.o ABSOLUTE
    _printf_sizespec                         0x00000000   Number         0  printf_stubs.o ABSOLUTE
    _printf_widthprec                        0x00000000   Number         0  printf_stubs.o ABSOLUTE
    __ARM_exceptions_init                     - Undefined Weak Reference
    __alloca_initialize                       - Undefined Weak Reference
    __arm_preinit_                            - Undefined Weak Reference
    __cpp_initialize__aeabi_                  - Undefined Weak Reference
    __cxa_finalize                            - Undefined Weak Reference
    __sigvec_lookup                           - Undefined Weak Reference
    _atexit_init                              - Undefined Weak Reference
    _call_atexit_fns                          - Undefined Weak Reference
    _clock_init                               - Undefined Weak Reference
    _fp_trap_init                             - Undefined Weak Reference
    _fp_trap_shutdown                         - Undefined Weak Reference
    _get_lc_collate                           - Undefined Weak Reference
    _get_lc_ctype                             - Undefined Weak Reference
    _get_lc_monetary                          - Undefined Weak Reference
    _get_lc_time                              - Undefined Weak Reference
    _getenv_init                              - Undefined Weak Reference
    _handle_redirection                       - Undefined Weak Reference
    _init_alloc                               - Undefined Weak Reference
    _init_user_alloc                          - Undefined Weak Reference
    _initio                                   - Undefined Weak Reference
    _mutex_acquire                            - Undefined Weak Reference
    _mutex_release                            - Undefined Weak Reference
    _printf_truncate_unsigned                 - Undefined Weak Reference
    _rand_init                                - Undefined Weak Reference
    _signal_finish                            - Undefined Weak Reference
    _signal_init                              - Undefined Weak Reference
    _terminate_alloc                          - Undefined Weak Reference
    _terminate_user_alloc                     - Undefined Weak Reference
    _terminateio                              - Undefined Weak Reference
    __Vectors_Size                           0x00000188   Number         0  startup_stm32f40_41xxx.o ABSOLUTE
    __Vectors                                0x08000000   Data           4  startup_stm32f40_41xxx.o(RESET)
    __Vectors_End                            0x08000188   Data           0  startup_stm32f40_41xxx.o(RESET)
    __main                                   0x08000189   Thumb Code     8  __main.o(!!!main)
    __scatterload                            0x08000191   Thumb Code     0  __scatter.o(!!!scatter)
    __scatterload_rt2                        0x08000191   Thumb Code    44  __scatter.o(!!!scatter)
    __scatterload_rt2_thumb_only             0x08000191   Thumb Code     0  __scatter.o(!!!scatter)
    __scatterload_null                       0x0800019f   Thumb Code     0  __scatter.o(!!!scatter)
    __scatterload_copy                       0x080001c5   Thumb Code    26  __scatter_copy.o(!!handler_copy)
    __scatterload_zeroinit                   0x080001e1   Thumb Code    28  __scatter_zi.o(!!handler_zi)
    _printf_f                                0x080001fd   Thumb Code     0  _printf_f.o(.ARM.Collect$$_printf_percent$$00000003)
    _printf_percent                          0x080001fd   Thumb Code     0  _printf_percent.o(.ARM.Collect$$_printf_percent$$00000000)
    _printf_x                                0x08000203   Thumb Code     0  _printf_x.o(.ARM.Collect$$_printf_percent$$0000000C)
    _printf_percent_end                      0x08000209   Thumb Code     0  _printf_percent_end.o(.ARM.Collect$$_printf_percent$$00000017)
    __rt_lib_init                            0x0800020d   Thumb Code     0  libinit.o(.ARM.Collect$$libinit$$00000000)
    __rt_lib_init_fp_1                       0x0800020f   Thumb Code     0  libinit2.o(.ARM.Collect$$libinit$$00000001)
    __rt_lib_init_heap_1                     0x08000213   Thumb Code     0  libinit2.o(.ARM.Collect$$libinit$$0000000A)
    __rt_lib_init_lc_common                  0x08000213   Thumb Code     0  libinit2.o(.ARM.Collect$$libinit$$0000000F)
    __rt_lib_init_preinit_1                  0x08000213   Thumb Code     0  libinit2.o(.ARM.Collect$$libinit$$00000004)
    __rt_lib_init_rand_1                     0x08000213   Thumb Code     0  libinit2.o(.ARM.Collect$$libinit$$0000000E)
    __rt_lib_init_user_alloc_1               0x08000213   Thumb Code     0  libinit2.o(.ARM.Collect$$libinit$$0000000C)
    __rt_lib_init_lc_collate_1               0x08000219   Thumb Code     0  libinit2.o(.ARM.Collect$$libinit$$00000011)
    __rt_lib_init_lc_ctype_1                 0x08000219   Thumb Code     0  libinit2.o(.ARM.Collect$$libinit$$00000013)
    __rt_lib_init_lc_monetary_1              0x08000219   Thumb Code     0  libinit2.o(.ARM.Collect$$libinit$$00000015)
    __rt_lib_init_lc_numeric_2               0x08000219   Thumb Code     0  libinit2.o(.ARM.Collect$$libinit$$00000016)
    __rt_lib_init_alloca_1                   0x08000223   Thumb Code     0  libinit2.o(.ARM.Collect$$libinit$$0000002E)
    __rt_lib_init_argv_1                     0x08000223   Thumb Code     0  libinit2.o(.ARM.Collect$$libinit$$0000002C)
    __rt_lib_init_atexit_1                   0x08000223   Thumb Code     0  libinit2.o(.ARM.Collect$$libinit$$0000001B)
    __rt_lib_init_clock_1                    0x08000223   Thumb Code     0  libinit2.o(.ARM.Collect$$libinit$$00000021)
    __rt_lib_init_cpp_1                      0x08000223   Thumb Code     0  libinit2.o(.ARM.Collect$$libinit$$00000032)
    __rt_lib_init_exceptions_1               0x08000223   Thumb Code     0  libinit2.o(.ARM.Collect$$libinit$$00000030)
    __rt_lib_init_fp_trap_1                  0x08000223   Thumb Code     0  libinit2.o(.ARM.Collect$$libinit$$0000001F)
    __rt_lib_init_getenv_1                   0x08000223   Thumb Code     0  libinit2.o(.ARM.Collect$$libinit$$00000023)
    __rt_lib_init_lc_numeric_1               0x08000223   Thumb Code     0  libinit2.o(.ARM.Collect$$libinit$$00000017)
    __rt_lib_init_lc_time_1                  0x08000223   Thumb Code     0  libinit2.o(.ARM.Collect$$libinit$$00000019)
    __rt_lib_init_return                     0x08000223   Thumb Code     0  libinit2.o(.ARM.Collect$$libinit$$00000033)
    __rt_lib_init_signal_1                   0x08000223   Thumb Code     0  libinit2.o(.ARM.Collect$$libinit$$0000001D)
    __rt_lib_init_stdio_1                    0x08000223   Thumb Code     0  libinit2.o(.ARM.Collect$$libinit$$00000025)
    __rt_lib_shutdown                        0x08000225   Thumb Code     0  libshutdown.o(.ARM.Collect$$libshutdown$$00000000)
    __rt_lib_shutdown_cpp_1                  0x08000227   Thumb Code     0  libshutdown2.o(.ARM.Collect$$libshutdown$$00000002)
    __rt_lib_shutdown_fp_trap_1              0x08000227   Thumb Code     0  libshutdown2.o(.ARM.Collect$$libshutdown$$00000007)
    __rt_lib_shutdown_heap_1                 0x08000227   Thumb Code     0  libshutdown2.o(.ARM.Collect$$libshutdown$$0000000F)
    __rt_lib_shutdown_return                 0x08000227   Thumb Code     0  libshutdown2.o(.ARM.Collect$$libshutdown$$00000010)
    __rt_lib_shutdown_signal_1               0x08000227   Thumb Code     0  libshutdown2.o(.ARM.Collect$$libshutdown$$0000000A)
    __rt_lib_shutdown_stdio_1                0x08000227   Thumb Code     0  libshutdown2.o(.ARM.Collect$$libshutdown$$00000004)
    __rt_lib_shutdown_user_alloc_1           0x08000227   Thumb Code     0  libshutdown2.o(.ARM.Collect$$libshutdown$$0000000C)
    __rt_entry                               0x08000229   Thumb Code     0  __rtentry.o(.ARM.Collect$$rtentry$$00000000)
    __rt_entry_presh_1                       0x08000229   Thumb Code     0  __rtentry2.o(.ARM.Collect$$rtentry$$00000002)
    __rt_entry_sh                            0x08000229   Thumb Code     0  __rtentry4.o(.ARM.Collect$$rtentry$$00000004)
    __rt_entry_li                            0x0800022f   Thumb Code     0  __rtentry2.o(.ARM.Collect$$rtentry$$0000000A)
    __rt_entry_postsh_1                      0x0800022f   Thumb Code     0  __rtentry2.o(.ARM.Collect$$rtentry$$00000009)
    __rt_entry_main                          0x08000233   Thumb Code     0  __rtentry2.o(.ARM.Collect$$rtentry$$0000000D)
    __rt_entry_postli_1                      0x08000233   Thumb Code     0  __rtentry2.o(.ARM.Collect$$rtentry$$0000000C)
    __rt_exit                                0x0800023b   Thumb Code     0  rtexit.o(.ARM.Collect$$rtexit$$00000000)
    __rt_exit_ls                             0x0800023d   Thumb Code     0  rtexit2.o(.ARM.Collect$$rtexit$$00000003)
    __rt_exit_prels_1                        0x0800023d   Thumb Code     0  rtexit2.o(.ARM.Collect$$rtexit$$00000002)
    __rt_exit_exit                           0x08000241   Thumb Code     0  rtexit2.o(.ARM.Collect$$rtexit$$00000004)
    main                                     0x08000249   Thumb Code   188  main.o(.text)
    NMI_Handler                              0x08000355   Thumb Code     2  stm32f4xx_it.o(.text)
    HardFault_Handler                        0x08000357   Thumb Code     4  stm32f4xx_it.o(.text)
    MemManage_Handler                        0x0800035b   Thumb Code     4  stm32f4xx_it.o(.text)
    BusFault_Handler                         0x0800035f   Thumb Code     4  stm32f4xx_it.o(.text)
    UsageFault_Handler                       0x08000363   Thumb Code     4  stm32f4xx_it.o(.text)
    SVC_Handler                              0x08000367   Thumb Code     2  stm32f4xx_it.o(.text)
    DebugMon_Handler                         0x08000369   Thumb Code     2  stm32f4xx_it.o(.text)
    PendSV_Handler                           0x0800036b   Thumb Code     2  stm32f4xx_it.o(.text)
    SysTick_Handler                          0x0800036d   Thumb Code     2  stm32f4xx_it.o(.text)
    SystemInit                               0x0800044d   Thumb Code    88  system_stm32f4xx.o(.text)
    SystemCoreClockUpdate                    0x080004a5   Thumb Code   174  system_stm32f4xx.o(.text)
    LCD_WR_REG                               0x08000581   Thumb Code    18  lcd.o(.text)
    LCD_WR_DATA                              0x08000593   Thumb Code    20  lcd.o(.text)
    LCD_RD_DATA                              0x080005a7   Thumb Code    16  lcd.o(.text)
    LCD_WriteReg                             0x080005b7   Thumb Code    14  lcd.o(.text)
    LCD_ReadReg                              0x080005c5   Thumb Code    22  lcd.o(.text)
    LCD_WriteRAM_Prepare                     0x080005db   Thumb Code    10  lcd.o(.text)
    LCD_WriteRAM                             0x080005e5   Thumb Code     8  lcd.o(.text)
    LCD_BGR2RGB                              0x080005ed   Thumb Code    26  lcd.o(.text)
    opt_delay                                0x08000607   Thumb Code    14  lcd.o(.text)
    LCD_SetCursor                            0x08000615   Thumb Code   418  lcd.o(.text)
    LCD_ReadPoint                            0x080007b7   Thumb Code   360  lcd.o(.text)
    LCD_DisplayOn                            0x0800091f   Thumb Code   102  lcd.o(.text)
    LCD_DisplayOff                           0x08000985   Thumb Code    90  lcd.o(.text)
    LCD_Scan_Dir                             0x080009df   Thumb Code   744  lcd.o(.text)
    LCD_DrawPoint                            0x08000cc7   Thumb Code    28  lcd.o(.text)
    LCD_Fast_DrawPoint                       0x08000ce3   Thumb Code   388  lcd.o(.text)
    LCD_SSD_BackLightSet                     0x08000e67   Thumb Code    88  lcd.o(.text)
    LCD_Display_Dir                          0x08000ebf   Thumb Code   444  lcd.o(.text)
    LCD_Set_Window                           0x0800107b   Thumb Code   546  lcd.o(.text)
    LCD_Clear                                0x0800129d   Thumb Code   100  lcd.o(.text)
    LCD_Init                                 0x08001301   Thumb Code 14696  lcd.o(.text)
    LCD_Fill                                 0x08004c69   Thumb Code   180  lcd.o(.text)
    LCD_Color_Fill                           0x08004d1d   Thumb Code   100  lcd.o(.text)
    LCD_DrawLine                             0x08004d81   Thumb Code   176  lcd.o(.text)
    LCD_DrawRectangle                        0x08004e31   Thumb Code    60  lcd.o(.text)
    LCD_Draw_Circle                          0x08004e6d   Thumb Code   152  lcd.o(.text)
    LCD_ShowChar                             0x08004f05   Thumb Code   272  lcd.o(.text)
    LCD_Pow                                  0x08005015   Thumb Code    22  lcd.o(.text)
    LCD_ShowNum                              0x0800502b   Thumb Code   148  lcd.o(.text)
    LCD_ShowxNum                             0x080050bf   Thumb Code   220  lcd.o(.text)
    LCD_ShowString                           0x0800519b   Thumb Code   102  lcd.o(.text)
    PidMotorsets                             0x08005201   Thumb Code    30  pid_initial.o(.text)
    Pid_SetsGet                              0x0800521f   Thumb Code   120  pid_initial.o(.text)
    Pid_PwmContrl                            0x08005297   Thumb Code   122  pid_initial.o(.text)
    TIM14_PWM_Init                           0x08005331   Thumb Code   182  pwm.o(.text)
    Gpio_Initial                             0x080053e7   Thumb Code    56  pwm.o(.text)
    MotorEnable                              0x0800541f   Thumb Code    12  pwm.o(.text)
    MotorDisable                             0x0800542b   Thumb Code    12  pwm.o(.text)
    MotorUse                                 0x08005437   Thumb Code    96  pwm.o(.text)
    TIM8_TRG_COM_TIM14_IRQHandler            0x08005497   Thumb Code    40  pwm.o(.text)
    Encoder_Init_TIM2                        0x080054d1   Thumb Code   232  encoder.o(.text)
    delay_init                               0x080055c1   Thumb Code    52  delay.o(.text)
    delay_us                                 0x080055f5   Thumb Code    72  delay.o(.text)
    delay_xms                                0x0800563d   Thumb Code    72  delay.o(.text)
    delay_ms                                 0x08005685   Thumb Code    56  delay.o(.text)
    _sys_exit                                0x080056c5   Thumb Code     6  usart.o(.text)
    fputc                                    0x080056cb   Thumb Code    22  usart.o(.text)
    uart_init                                0x080056e1   Thumb Code   164  usart.o(.text)
    USART1_IRQHandler                        0x08005785   Thumb Code   122  usart.o(.text)
    Reset_Handler                            0x08005811   Thumb Code     8  startup_stm32f40_41xxx.o(.text)
    ADC_IRQHandler                           0x0800582b   Thumb Code     0  startup_stm32f40_41xxx.o(.text)
    CAN1_RX0_IRQHandler                      0x0800582b   Thumb Code     0  startup_stm32f40_41xxx.o(.text)
    CAN1_RX1_IRQHandler                      0x0800582b   Thumb Code     0  startup_stm32f40_41xxx.o(.text)
    CAN1_SCE_IRQHandler                      0x0800582b   Thumb Code     0  startup_stm32f40_41xxx.o(.text)
    CAN1_TX_IRQHandler                       0x0800582b   Thumb Code     0  startup_stm32f40_41xxx.o(.text)
    CAN2_RX0_IRQHandler                      0x0800582b   Thumb Code     0  startup_stm32f40_41xxx.o(.text)
    CAN2_RX1_IRQHandler                      0x0800582b   Thumb Code     0  startup_stm32f40_41xxx.o(.text)
    CAN2_SCE_IRQHandler                      0x0800582b   Thumb Code     0  startup_stm32f40_41xxx.o(.text)
    CAN2_TX_IRQHandler                       0x0800582b   Thumb Code     0  startup_stm32f40_41xxx.o(.text)
    CRYP_IRQHandler                          0x0800582b   Thumb Code     0  startup_stm32f40_41xxx.o(.text)
    DCMI_IRQHandler                          0x0800582b   Thumb Code     0  startup_stm32f40_41xxx.o(.text)
    DMA1_Stream0_IRQHandler                  0x0800582b   Thumb Code     0  startup_stm32f40_41xxx.o(.text)
    DMA1_Stream1_IRQHandler                  0x0800582b   Thumb Code     0  startup_stm32f40_41xxx.o(.text)
    DMA1_Stream2_IRQHandler                  0x0800582b   Thumb Code     0  startup_stm32f40_41xxx.o(.text)
    DMA1_Stream3_IRQHandler                  0x0800582b   Thumb Code     0  startup_stm32f40_41xxx.o(.text)
    DMA1_Stream4_IRQHandler                  0x0800582b   Thumb Code     0  startup_stm32f40_41xxx.o(.text)
    DMA1_Stream5_IRQHandler                  0x0800582b   Thumb Code     0  startup_stm32f40_41xxx.o(.text)
    DMA1_Stream6_IRQHandler                  0x0800582b   Thumb Code     0  startup_stm32f40_41xxx.o(.text)
    DMA1_Stream7_IRQHandler                  0x0800582b   Thumb Code     0  startup_stm32f40_41xxx.o(.text)
    DMA2_Stream0_IRQHandler                  0x0800582b   Thumb Code     0  startup_stm32f40_41xxx.o(.text)
    DMA2_Stream1_IRQHandler                  0x0800582b   Thumb Code     0  startup_stm32f40_41xxx.o(.text)
    DMA2_Stream2_IRQHandler                  0x0800582b   Thumb Code     0  startup_stm32f40_41xxx.o(.text)
    DMA2_Stream3_IRQHandler                  0x0800582b   Thumb Code     0  startup_stm32f40_41xxx.o(.text)
    DMA2_Stream4_IRQHandler                  0x0800582b   Thumb Code     0  startup_stm32f40_41xxx.o(.text)
    DMA2_Stream5_IRQHandler                  0x0800582b   Thumb Code     0  startup_stm32f40_41xxx.o(.text)
    DMA2_Stream6_IRQHandler                  0x0800582b   Thumb Code     0  startup_stm32f40_41xxx.o(.text)
    DMA2_Stream7_IRQHandler                  0x0800582b   Thumb Code     0  startup_stm32f40_41xxx.o(.text)
    ETH_IRQHandler                           0x0800582b   Thumb Code     0  startup_stm32f40_41xxx.o(.text)
    ETH_WKUP_IRQHandler                      0x0800582b   Thumb Code     0  startup_stm32f40_41xxx.o(.text)
    EXTI0_IRQHandler                         0x0800582b   Thumb Code     0  startup_stm32f40_41xxx.o(.text)
    EXTI15_10_IRQHandler                     0x0800582b   Thumb Code     0  startup_stm32f40_41xxx.o(.text)
    EXTI1_IRQHandler                         0x0800582b   Thumb Code     0  startup_stm32f40_41xxx.o(.text)
    EXTI2_IRQHandler                         0x0800582b   Thumb Code     0  startup_stm32f40_41xxx.o(.text)
    EXTI3_IRQHandler                         0x0800582b   Thumb Code     0  startup_stm32f40_41xxx.o(.text)
    EXTI4_IRQHandler                         0x0800582b   Thumb Code     0  startup_stm32f40_41xxx.o(.text)
    EXTI9_5_IRQHandler                       0x0800582b   Thumb Code     0  startup_stm32f40_41xxx.o(.text)
    FLASH_IRQHandler                         0x0800582b   Thumb Code     0  startup_stm32f40_41xxx.o(.text)
    FPU_IRQHandler                           0x0800582b   Thumb Code     0  startup_stm32f40_41xxx.o(.text)
    FSMC_IRQHandler                          0x0800582b   Thumb Code     0  startup_stm32f40_41xxx.o(.text)
    HASH_RNG_IRQHandler                      0x0800582b   Thumb Code     0  startup_stm32f40_41xxx.o(.text)
    I2C1_ER_IRQHandler                       0x0800582b   Thumb Code     0  startup_stm32f40_41xxx.o(.text)
    I2C1_EV_IRQHandler                       0x0800582b   Thumb Code     0  startup_stm32f40_41xxx.o(.text)
    I2C2_ER_IRQHandler                       0x0800582b   Thumb Code     0  startup_stm32f40_41xxx.o(.text)
    I2C2_EV_IRQHandler                       0x0800582b   Thumb Code     0  startup_stm32f40_41xxx.o(.text)
    I2C3_ER_IRQHandler                       0x0800582b   Thumb Code     0  startup_stm32f40_41xxx.o(.text)
    I2C3_EV_IRQHandler                       0x0800582b   Thumb Code     0  startup_stm32f40_41xxx.o(.text)
    OTG_FS_IRQHandler                        0x0800582b   Thumb Code     0  startup_stm32f40_41xxx.o(.text)
    OTG_FS_WKUP_IRQHandler                   0x0800582b   Thumb Code     0  startup_stm32f40_41xxx.o(.text)
    OTG_HS_EP1_IN_IRQHandler                 0x0800582b   Thumb Code     0  startup_stm32f40_41xxx.o(.text)
    OTG_HS_EP1_OUT_IRQHandler                0x0800582b   Thumb Code     0  startup_stm32f40_41xxx.o(.text)
    OTG_HS_IRQHandler                        0x0800582b   Thumb Code     0  startup_stm32f40_41xxx.o(.text)
    OTG_HS_WKUP_IRQHandler                   0x0800582b   Thumb Code     0  startup_stm32f40_41xxx.o(.text)
    PVD_IRQHandler                           0x0800582b   Thumb Code     0  startup_stm32f40_41xxx.o(.text)
    RCC_IRQHandler                           0x0800582b   Thumb Code     0  startup_stm32f40_41xxx.o(.text)
    RTC_Alarm_IRQHandler                     0x0800582b   Thumb Code     0  startup_stm32f40_41xxx.o(.text)
    RTC_WKUP_IRQHandler                      0x0800582b   Thumb Code     0  startup_stm32f40_41xxx.o(.text)
    SDIO_IRQHandler                          0x0800582b   Thumb Code     0  startup_stm32f40_41xxx.o(.text)
    SPI1_IRQHandler                          0x0800582b   Thumb Code     0  startup_stm32f40_41xxx.o(.text)
    SPI2_IRQHandler                          0x0800582b   Thumb Code     0  startup_stm32f40_41xxx.o(.text)
    SPI3_IRQHandler                          0x0800582b   Thumb Code     0  startup_stm32f40_41xxx.o(.text)
    TAMP_STAMP_IRQHandler                    0x0800582b   Thumb Code     0  startup_stm32f40_41xxx.o(.text)
    TIM1_BRK_TIM9_IRQHandler                 0x0800582b   Thumb Code     0  startup_stm32f40_41xxx.o(.text)
    TIM1_CC_IRQHandler                       0x0800582b   Thumb Code     0  startup_stm32f40_41xxx.o(.text)
    TIM1_TRG_COM_TIM11_IRQHandler            0x0800582b   Thumb Code     0  startup_stm32f40_41xxx.o(.text)
    TIM1_UP_TIM10_IRQHandler                 0x0800582b   Thumb Code     0  startup_stm32f40_41xxx.o(.text)
    TIM2_IRQHandler                          0x0800582b   Thumb Code     0  startup_stm32f40_41xxx.o(.text)
    TIM3_IRQHandler                          0x0800582b   Thumb Code     0  startup_stm32f40_41xxx.o(.text)
    TIM4_IRQHandler                          0x0800582b   Thumb Code     0  startup_stm32f40_41xxx.o(.text)
    TIM5_IRQHandler                          0x0800582b   Thumb Code     0  startup_stm32f40_41xxx.o(.text)
    TIM6_DAC_IRQHandler                      0x0800582b   Thumb Code     0  startup_stm32f40_41xxx.o(.text)
    TIM7_IRQHandler                          0x0800582b   Thumb Code     0  startup_stm32f40_41xxx.o(.text)
    TIM8_BRK_TIM12_IRQHandler                0x0800582b   Thumb Code     0  startup_stm32f40_41xxx.o(.text)
    TIM8_CC_IRQHandler                       0x0800582b   Thumb Code     0  startup_stm32f40_41xxx.o(.text)
    TIM8_UP_TIM13_IRQHandler                 0x0800582b   Thumb Code     0  startup_stm32f40_41xxx.o(.text)
    UART4_IRQHandler                         0x0800582b   Thumb Code     0  startup_stm32f40_41xxx.o(.text)
    UART5_IRQHandler                         0x0800582b   Thumb Code     0  startup_stm32f40_41xxx.o(.text)
    USART2_IRQHandler                        0x0800582b   Thumb Code     0  startup_stm32f40_41xxx.o(.text)
    USART3_IRQHandler                        0x0800582b   Thumb Code     0  startup_stm32f40_41xxx.o(.text)
    USART6_IRQHandler                        0x0800582b   Thumb Code     0  startup_stm32f40_41xxx.o(.text)
    WWDG_IRQHandler                          0x0800582b   Thumb Code     0  startup_stm32f40_41xxx.o(.text)
    __user_initial_stackheap                 0x0800582d   Thumb Code     0  startup_stm32f40_41xxx.o(.text)
    NVIC_PriorityGroupConfig                 0x08005851   Thumb Code    10  misc.o(.text)
    NVIC_Init                                0x0800585b   Thumb Code   106  misc.o(.text)
    NVIC_SetVectorTable                      0x080058c5   Thumb Code    14  misc.o(.text)
    NVIC_SystemLPConfig                      0x080058d3   Thumb Code    34  misc.o(.text)
    SysTick_CLKSourceConfig                  0x080058f5   Thumb Code    40  misc.o(.text)
    GPIO_DeInit                              0x08005931   Thumb Code   268  stm32f4xx_gpio.o(.text)
    GPIO_Init                                0x08005a3d   Thumb Code   144  stm32f4xx_gpio.o(.text)
    GPIO_StructInit                          0x08005acd   Thumb Code    18  stm32f4xx_gpio.o(.text)
    GPIO_PinLockConfig                       0x08005adf   Thumb Code    34  stm32f4xx_gpio.o(.text)
    GPIO_ReadInputDataBit                    0x08005b01   Thumb Code    18  stm32f4xx_gpio.o(.text)
    GPIO_ReadInputData                       0x08005b13   Thumb Code     8  stm32f4xx_gpio.o(.text)
    GPIO_ReadOutputDataBit                   0x08005b1b   Thumb Code    18  stm32f4xx_gpio.o(.text)
    GPIO_ReadOutputData                      0x08005b2d   Thumb Code     8  stm32f4xx_gpio.o(.text)
    GPIO_SetBits                             0x08005b35   Thumb Code     4  stm32f4xx_gpio.o(.text)
    GPIO_ResetBits                           0x08005b39   Thumb Code     4  stm32f4xx_gpio.o(.text)
    GPIO_WriteBit                            0x08005b3d   Thumb Code    10  stm32f4xx_gpio.o(.text)
    GPIO_Write                               0x08005b47   Thumb Code     4  stm32f4xx_gpio.o(.text)
    GPIO_ToggleBits                          0x08005b4b   Thumb Code     8  stm32f4xx_gpio.o(.text)
    GPIO_PinAFConfig                         0x08005b53   Thumb Code    70  stm32f4xx_gpio.o(.text)
    FSMC_NORSRAMDeInit                       0x08005bc5   Thumb Code    54  stm32f4xx_fsmc.o(.text)
    FSMC_NORSRAMInit                         0x08005bfb   Thumb Code   230  stm32f4xx_fsmc.o(.text)
    FSMC_NORSRAMStructInit                   0x08005ce1   Thumb Code    48  stm32f4xx_fsmc.o(.text)
    FSMC_NORSRAMCmd                          0x08005d11   Thumb Code    46  stm32f4xx_fsmc.o(.text)
    FSMC_NANDDeInit                          0x08005d3f   Thumb Code    62  stm32f4xx_fsmc.o(.text)
    FSMC_NANDInit                            0x08005d7d   Thumb Code   132  stm32f4xx_fsmc.o(.text)
    FSMC_NANDStructInit                      0x08005e01   Thumb Code    54  stm32f4xx_fsmc.o(.text)
    FSMC_NANDCmd                             0x08005e37   Thumb Code    86  stm32f4xx_fsmc.o(.text)
    FSMC_NANDECCCmd                          0x08005e8d   Thumb Code    86  stm32f4xx_fsmc.o(.text)
    FSMC_GetECC                              0x08005ee3   Thumb Code    24  stm32f4xx_fsmc.o(.text)
    FSMC_PCCARDDeInit                        0x08005efb   Thumb Code    36  stm32f4xx_fsmc.o(.text)
    FSMC_PCCARDInit                          0x08005f1f   Thumb Code   130  stm32f4xx_fsmc.o(.text)
    FSMC_PCCARDStructInit                    0x08005fa1   Thumb Code    60  stm32f4xx_fsmc.o(.text)
    FSMC_PCCARDCmd                           0x08005fdd   Thumb Code    44  stm32f4xx_fsmc.o(.text)
    FSMC_ITConfig                            0x08006009   Thumb Code   128  stm32f4xx_fsmc.o(.text)
    FSMC_GetFlagStatus                       0x08006089   Thumb Code    54  stm32f4xx_fsmc.o(.text)
    FSMC_ClearFlag                           0x080060bf   Thumb Code    74  stm32f4xx_fsmc.o(.text)
    FSMC_GetITStatus                         0x08006109   Thumb Code    62  stm32f4xx_fsmc.o(.text)
    FSMC_ClearITPendingBit                   0x08006147   Thumb Code    66  stm32f4xx_fsmc.o(.text)
    RCC_DeInit                               0x0800618d   Thumb Code    82  stm32f4xx_rcc.o(.text)
    RCC_HSEConfig                            0x080061df   Thumb Code    14  stm32f4xx_rcc.o(.text)
    RCC_GetFlagStatus                        0x080061ed   Thumb Code    60  stm32f4xx_rcc.o(.text)
    RCC_WaitForHSEStartUp                    0x08006229   Thumb Code    56  stm32f4xx_rcc.o(.text)
    RCC_AdjustHSICalibrationValue            0x08006261   Thumb Code    20  stm32f4xx_rcc.o(.text)
    RCC_HSICmd                               0x08006275   Thumb Code     6  stm32f4xx_rcc.o(.text)
    RCC_LSEConfig                            0x0800627b   Thumb Code    46  stm32f4xx_rcc.o(.text)
    RCC_LSICmd                               0x080062a9   Thumb Code     6  stm32f4xx_rcc.o(.text)
    RCC_PLLConfig                            0x080062af   Thumb Code    32  stm32f4xx_rcc.o(.text)
    RCC_PLLCmd                               0x080062cf   Thumb Code     6  stm32f4xx_rcc.o(.text)
    RCC_PLLI2SConfig                         0x080062d5   Thumb Code    14  stm32f4xx_rcc.o(.text)
    RCC_PLLI2SCmd                            0x080062e3   Thumb Code     6  stm32f4xx_rcc.o(.text)
    RCC_PLLSAIConfig                         0x080062e9   Thumb Code    20  stm32f4xx_rcc.o(.text)
    RCC_PLLSAICmd                            0x080062fd   Thumb Code     6  stm32f4xx_rcc.o(.text)
    RCC_ClockSecuritySystemCmd               0x08006303   Thumb Code     6  stm32f4xx_rcc.o(.text)
    RCC_MCO1Config                           0x08006309   Thumb Code    28  stm32f4xx_rcc.o(.text)
    RCC_MCO2Config                           0x08006325   Thumb Code    28  stm32f4xx_rcc.o(.text)
    RCC_SYSCLKConfig                         0x08006341   Thumb Code    20  stm32f4xx_rcc.o(.text)
    RCC_GetSYSCLKSource                      0x08006355   Thumb Code    12  stm32f4xx_rcc.o(.text)
    RCC_HCLKConfig                           0x08006361   Thumb Code    20  stm32f4xx_rcc.o(.text)
    RCC_PCLK1Config                          0x08006375   Thumb Code    20  stm32f4xx_rcc.o(.text)
    RCC_PCLK2Config                          0x08006389   Thumb Code    22  stm32f4xx_rcc.o(.text)
    RCC_GetClocksFreq                        0x0800639f   Thumb Code   222  stm32f4xx_rcc.o(.text)
    RCC_RTCCLKConfig                         0x0800647d   Thumb Code    54  stm32f4xx_rcc.o(.text)
    RCC_RTCCLKCmd                            0x080064b3   Thumb Code     8  stm32f4xx_rcc.o(.text)
    RCC_BackupResetCmd                       0x080064bb   Thumb Code     8  stm32f4xx_rcc.o(.text)
    RCC_I2SCLKConfig                         0x080064c3   Thumb Code     6  stm32f4xx_rcc.o(.text)
    RCC_SAIPLLI2SClkDivConfig                0x080064c9   Thumb Code    26  stm32f4xx_rcc.o(.text)
    RCC_SAIPLLSAIClkDivConfig                0x080064e3   Thumb Code    28  stm32f4xx_rcc.o(.text)
    RCC_SAIBlockACLKConfig                   0x080064ff   Thumb Code    20  stm32f4xx_rcc.o(.text)
    RCC_SAIBlockBCLKConfig                   0x08006513   Thumb Code    20  stm32f4xx_rcc.o(.text)
    RCC_LTDCCLKDivConfig                     0x08006527   Thumb Code    20  stm32f4xx_rcc.o(.text)
    RCC_TIMCLKPresConfig                     0x0800653b   Thumb Code     6  stm32f4xx_rcc.o(.text)
    RCC_AHB1PeriphClockCmd                   0x08006541   Thumb Code    34  stm32f4xx_rcc.o(.text)
    RCC_AHB2PeriphClockCmd                   0x08006563   Thumb Code    78  stm32f4xx_rcc.o(.text)
    RCC_AHB3PeriphClockCmd                   0x080065b1   Thumb Code    34  stm32f4xx_rcc.o(.text)
    RCC_APB1PeriphClockCmd                   0x080065d3   Thumb Code    34  stm32f4xx_rcc.o(.text)
    RCC_APB2PeriphClockCmd                   0x080065f5   Thumb Code    34  stm32f4xx_rcc.o(.text)
    RCC_AHB1PeriphResetCmd                   0x08006617   Thumb Code    34  stm32f4xx_rcc.o(.text)
    RCC_AHB2PeriphResetCmd                   0x08006639   Thumb Code    34  stm32f4xx_rcc.o(.text)
    RCC_AHB3PeriphResetCmd                   0x0800665b   Thumb Code    34  stm32f4xx_rcc.o(.text)
    RCC_APB1PeriphResetCmd                   0x0800667d   Thumb Code    34  stm32f4xx_rcc.o(.text)
    RCC_APB2PeriphResetCmd                   0x0800669f   Thumb Code    34  stm32f4xx_rcc.o(.text)
    RCC_AHB1PeriphClockLPModeCmd             0x080066c1   Thumb Code    34  stm32f4xx_rcc.o(.text)
    RCC_AHB2PeriphClockLPModeCmd             0x080066e3   Thumb Code    34  stm32f4xx_rcc.o(.text)
    RCC_AHB3PeriphClockLPModeCmd             0x08006705   Thumb Code    34  stm32f4xx_rcc.o(.text)
    RCC_APB1PeriphClockLPModeCmd             0x08006727   Thumb Code    34  stm32f4xx_rcc.o(.text)
    RCC_APB2PeriphClockLPModeCmd             0x08006749   Thumb Code    34  stm32f4xx_rcc.o(.text)
    RCC_LSEModeConfig                        0x0800676b   Thumb Code    40  stm32f4xx_rcc.o(.text)
    RCC_ITConfig                             0x08006793   Thumb Code    34  stm32f4xx_rcc.o(.text)
    RCC_ClearFlag                            0x080067b5   Thumb Code    18  stm32f4xx_rcc.o(.text)
    RCC_GetITStatus                          0x080067c7   Thumb Code    22  stm32f4xx_rcc.o(.text)
    RCC_ClearITPendingBit                    0x080067dd   Thumb Code     8  stm32f4xx_rcc.o(.text)
    USART_DeInit                             0x080067e9   Thumb Code   206  stm32f4xx_usart.o(.text)
    USART_Init                               0x080068b7   Thumb Code   204  stm32f4xx_usart.o(.text)
    USART_StructInit                         0x08006983   Thumb Code    24  stm32f4xx_usart.o(.text)
    USART_ClockInit                          0x0800699b   Thumb Code    32  stm32f4xx_usart.o(.text)
    USART_ClockStructInit                    0x080069bb   Thumb Code    12  stm32f4xx_usart.o(.text)
    USART_Cmd                                0x080069c7   Thumb Code    24  stm32f4xx_usart.o(.text)
    USART_SetPrescaler                       0x080069df   Thumb Code    16  stm32f4xx_usart.o(.text)
    USART_OverSampling8Cmd                   0x080069ef   Thumb Code    22  stm32f4xx_usart.o(.text)
    USART_OneBitMethodCmd                    0x08006a05   Thumb Code    24  stm32f4xx_usart.o(.text)
    USART_SendData                           0x08006a1d   Thumb Code     8  stm32f4xx_usart.o(.text)
    USART_ReceiveData                        0x08006a25   Thumb Code    10  stm32f4xx_usart.o(.text)
    USART_SetAddress                         0x08006a2f   Thumb Code    18  stm32f4xx_usart.o(.text)
    USART_ReceiverWakeUpCmd                  0x08006a41   Thumb Code    24  stm32f4xx_usart.o(.text)
    USART_WakeUpConfig                       0x08006a59   Thumb Code    18  stm32f4xx_usart.o(.text)
    USART_LINBreakDetectLengthConfig         0x08006a6b   Thumb Code    18  stm32f4xx_usart.o(.text)
    USART_LINCmd                             0x08006a7d   Thumb Code    24  stm32f4xx_usart.o(.text)
    USART_SendBreak                          0x08006a95   Thumb Code    10  stm32f4xx_usart.o(.text)
    USART_HalfDuplexCmd                      0x08006a9f   Thumb Code    24  stm32f4xx_usart.o(.text)
    USART_SetGuardTime                       0x08006ab7   Thumb Code    16  stm32f4xx_usart.o(.text)
    USART_SmartCardCmd                       0x08006ac7   Thumb Code    24  stm32f4xx_usart.o(.text)
    USART_SmartCardNACKCmd                   0x08006adf   Thumb Code    24  stm32f4xx_usart.o(.text)
    USART_IrDAConfig                         0x08006af7   Thumb Code    18  stm32f4xx_usart.o(.text)
    USART_IrDACmd                            0x08006b09   Thumb Code    24  stm32f4xx_usart.o(.text)
    USART_DMACmd                             0x08006b21   Thumb Code    18  stm32f4xx_usart.o(.text)
    USART_ITConfig                           0x08006b33   Thumb Code    74  stm32f4xx_usart.o(.text)
    USART_GetFlagStatus                      0x08006b7d   Thumb Code    26  stm32f4xx_usart.o(.text)
    USART_ClearFlag                          0x08006b97   Thumb Code    18  stm32f4xx_usart.o(.text)
    USART_GetITStatus                        0x08006ba9   Thumb Code   118  stm32f4xx_usart.o(.text)
    USART_ClearITPendingBit                  0x08006c1f   Thumb Code    30  stm32f4xx_usart.o(.text)
    TIM_DeInit                               0x08006c3d   Thumb Code   346  stm32f4xx_tim.o(.text)
    TIM_TimeBaseInit                         0x08006d97   Thumb Code   104  stm32f4xx_tim.o(.text)
    TIM_TimeBaseStructInit                   0x08006dff   Thumb Code    18  stm32f4xx_tim.o(.text)
    TIM_PrescalerConfig                      0x08006e11   Thumb Code     6  stm32f4xx_tim.o(.text)
    TIM_CounterModeConfig                    0x08006e17   Thumb Code    18  stm32f4xx_tim.o(.text)
    TIM_SetCounter                           0x08006e29   Thumb Code     4  stm32f4xx_tim.o(.text)
    TIM_SetAutoreload                        0x08006e2d   Thumb Code     4  stm32f4xx_tim.o(.text)
    TIM_GetCounter                           0x08006e31   Thumb Code     6  stm32f4xx_tim.o(.text)
    TIM_GetPrescaler                         0x08006e37   Thumb Code     6  stm32f4xx_tim.o(.text)
    TIM_UpdateDisableConfig                  0x08006e3d   Thumb Code    24  stm32f4xx_tim.o(.text)
    TIM_UpdateRequestConfig                  0x08006e55   Thumb Code    24  stm32f4xx_tim.o(.text)
    TIM_ARRPreloadConfig                     0x08006e6d   Thumb Code    24  stm32f4xx_tim.o(.text)
    TIM_SelectOnePulseMode                   0x08006e85   Thumb Code    18  stm32f4xx_tim.o(.text)
    TIM_SetClockDivision                     0x08006e97   Thumb Code    18  stm32f4xx_tim.o(.text)
    TIM_Cmd                                  0x08006ea9   Thumb Code    24  stm32f4xx_tim.o(.text)
    TIM_OC1Init                              0x08006ec1   Thumb Code   114  stm32f4xx_tim.o(.text)
    TIM_OC2Init                              0x08006f33   Thumb Code   154  stm32f4xx_tim.o(.text)
    TIM_OC3Init                              0x08006fcd   Thumb Code   204  stm32f4xx_tim.o(.text)
    TIM_OC4Init                              0x08007099   Thumb Code   112  stm32f4xx_tim.o(.text)
    TIM_OCStructInit                         0x08007109   Thumb Code    20  stm32f4xx_tim.o(.text)
    TIM_SelectOCxM                           0x0800711d   Thumb Code    86  stm32f4xx_tim.o(.text)
    TIM_SetCompare1                          0x08007173   Thumb Code     4  stm32f4xx_tim.o(.text)
    TIM_SetCompare2                          0x08007177   Thumb Code     4  stm32f4xx_tim.o(.text)
    TIM_SetCompare3                          0x0800717b   Thumb Code     4  stm32f4xx_tim.o(.text)
    TIM_SetCompare4                          0x0800717f   Thumb Code     4  stm32f4xx_tim.o(.text)
    TIM_ForcedOC1Config                      0x08007183   Thumb Code    18  stm32f4xx_tim.o(.text)
    TIM_ForcedOC2Config                      0x08007195   Thumb Code    26  stm32f4xx_tim.o(.text)
    TIM_ForcedOC3Config                      0x080071af   Thumb Code    18  stm32f4xx_tim.o(.text)
    TIM_ForcedOC4Config                      0x080071c1   Thumb Code    26  stm32f4xx_tim.o(.text)
    TIM_OC1PreloadConfig                     0x080071db   Thumb Code    18  stm32f4xx_tim.o(.text)
    TIM_OC2PreloadConfig                     0x080071ed   Thumb Code    26  stm32f4xx_tim.o(.text)
    TIM_OC3PreloadConfig                     0x08007207   Thumb Code    18  stm32f4xx_tim.o(.text)
    TIM_OC4PreloadConfig                     0x08007219   Thumb Code    26  stm32f4xx_tim.o(.text)
    TIM_OC1FastConfig                        0x08007233   Thumb Code    18  stm32f4xx_tim.o(.text)
    TIM_OC2FastConfig                        0x08007245   Thumb Code    26  stm32f4xx_tim.o(.text)
    TIM_OC3FastConfig                        0x0800725f   Thumb Code    18  stm32f4xx_tim.o(.text)
    TIM_OC4FastConfig                        0x08007271   Thumb Code    26  stm32f4xx_tim.o(.text)
    TIM_ClearOC1Ref                          0x0800728b   Thumb Code    18  stm32f4xx_tim.o(.text)
    TIM_ClearOC2Ref                          0x0800729d   Thumb Code    24  stm32f4xx_tim.o(.text)
    TIM_ClearOC3Ref                          0x080072b5   Thumb Code    18  stm32f4xx_tim.o(.text)
    TIM_ClearOC4Ref                          0x080072c7   Thumb Code    24  stm32f4xx_tim.o(.text)
    TIM_OC1PolarityConfig                    0x080072df   Thumb Code    18  stm32f4xx_tim.o(.text)
    TIM_OC1NPolarityConfig                   0x080072f1   Thumb Code    18  stm32f4xx_tim.o(.text)
    TIM_OC2PolarityConfig                    0x08007303   Thumb Code    26  stm32f4xx_tim.o(.text)
    TIM_OC2NPolarityConfig                   0x0800731d   Thumb Code    26  stm32f4xx_tim.o(.text)
    TIM_OC3PolarityConfig                    0x08007337   Thumb Code    26  stm32f4xx_tim.o(.text)
    TIM_OC3NPolarityConfig                   0x08007351   Thumb Code    26  stm32f4xx_tim.o(.text)
    TIM_OC4PolarityConfig                    0x0800736b   Thumb Code    26  stm32f4xx_tim.o(.text)
    TIM_CCxCmd                               0x08007385   Thumb Code    30  stm32f4xx_tim.o(.text)
    TIM_CCxNCmd                              0x080073a3   Thumb Code    30  stm32f4xx_tim.o(.text)
    TIM_SetIC4Prescaler                      0x080073c1   Thumb Code    26  stm32f4xx_tim.o(.text)
    TIM_SetIC3Prescaler                      0x0800742b   Thumb Code    18  stm32f4xx_tim.o(.text)
    TIM_SetIC2Prescaler                      0x08007485   Thumb Code    26  stm32f4xx_tim.o(.text)
    TIM_SetIC1Prescaler                      0x080074f9   Thumb Code    18  stm32f4xx_tim.o(.text)
    TIM_ICInit                               0x08007545   Thumb Code   110  stm32f4xx_tim.o(.text)
    TIM_ICStructInit                         0x080075b3   Thumb Code    18  stm32f4xx_tim.o(.text)
    TIM_PWMIConfig                           0x080075c5   Thumb Code   124  stm32f4xx_tim.o(.text)
    TIM_GetCapture1                          0x08007641   Thumb Code     6  stm32f4xx_tim.o(.text)
    TIM_GetCapture2                          0x08007647   Thumb Code     6  stm32f4xx_tim.o(.text)
    TIM_GetCapture3                          0x0800764d   Thumb Code     6  stm32f4xx_tim.o(.text)
    TIM_GetCapture4                          0x08007653   Thumb Code     6  stm32f4xx_tim.o(.text)
    TIM_BDTRConfig                           0x08007659   Thumb Code    32  stm32f4xx_tim.o(.text)
    TIM_BDTRStructInit                       0x08007679   Thumb Code    18  stm32f4xx_tim.o(.text)
    TIM_CtrlPWMOutputs                       0x0800768b   Thumb Code    30  stm32f4xx_tim.o(.text)
    TIM_SelectCOM                            0x080076a9   Thumb Code    24  stm32f4xx_tim.o(.text)
    TIM_CCPreloadControl                     0x080076c1   Thumb Code    24  stm32f4xx_tim.o(.text)
    TIM_ITConfig                             0x080076d9   Thumb Code    18  stm32f4xx_tim.o(.text)
    TIM_GenerateEvent                        0x080076eb   Thumb Code     4  stm32f4xx_tim.o(.text)
    TIM_GetFlagStatus                        0x080076ef   Thumb Code    18  stm32f4xx_tim.o(.text)
    TIM_ClearFlag                            0x08007701   Thumb Code     6  stm32f4xx_tim.o(.text)
    TIM_GetITStatus                          0x08007707   Thumb Code    34  stm32f4xx_tim.o(.text)
    TIM_ClearITPendingBit                    0x08007729   Thumb Code     6  stm32f4xx_tim.o(.text)
    TIM_DMAConfig                            0x0800772f   Thumb Code    10  stm32f4xx_tim.o(.text)
    TIM_DMACmd                               0x08007739   Thumb Code    18  stm32f4xx_tim.o(.text)
    TIM_SelectCCDMA                          0x0800774b   Thumb Code    24  stm32f4xx_tim.o(.text)
    TIM_InternalClockConfig                  0x08007763   Thumb Code    12  stm32f4xx_tim.o(.text)
    TIM_SelectInputTrigger                   0x0800776f   Thumb Code    18  stm32f4xx_tim.o(.text)
    TIM_ITRxExternalClockConfig              0x08007781   Thumb Code    24  stm32f4xx_tim.o(.text)
    TIM_TIxExternalClockConfig               0x08007799   Thumb Code    62  stm32f4xx_tim.o(.text)
    TIM_ETRConfig                            0x080077d7   Thumb Code    28  stm32f4xx_tim.o(.text)
    TIM_ETRClockMode1Config                  0x080077f3   Thumb Code    54  stm32f4xx_tim.o(.text)
    TIM_ETRClockMode2Config                  0x08007829   Thumb Code    32  stm32f4xx_tim.o(.text)
    TIM_SelectOutputTrigger                  0x08007849   Thumb Code    18  stm32f4xx_tim.o(.text)
    TIM_SelectSlaveMode                      0x0800785b   Thumb Code    18  stm32f4xx_tim.o(.text)
    TIM_SelectMasterSlaveMode                0x0800786d   Thumb Code    18  stm32f4xx_tim.o(.text)
    TIM_EncoderInterfaceConfig               0x0800787f   Thumb Code    66  stm32f4xx_tim.o(.text)
    TIM_SelectHallSensor                     0x080078c1   Thumb Code    24  stm32f4xx_tim.o(.text)
    TIM_RemapConfig                          0x080078d9   Thumb Code     6  stm32f4xx_tim.o(.text)
    __use_no_semihosting                     0x080078df   Thumb Code     2  use_no_semi_2.o(.text)
    __2printf                                0x080078e1   Thumb Code    20  noretval__2printf.o(.text)
    __2sprintf                               0x080078f9   Thumb Code    34  noretval__2sprintf.o(.text)
    _printf_pre_padding                      0x08007921   Thumb Code    44  _printf_pad.o(.text)
    _printf_post_padding                     0x0800794d   Thumb Code    34  _printf_pad.o(.text)
    _printf_int_hex                          0x08007971   Thumb Code    84  _printf_hex_int.o(.text)
    _printf_longlong_hex                     0x08007971   Thumb Code     0  _printf_hex_int.o(.text)
    __printf                                 0x080079c9   Thumb Code   308  __printf_flags_wp.o(.text)
    __use_two_region_memory                  0x08007b01   Thumb Code     2  heapauxi.o(.text)
    __rt_heap_escrow$2region                 0x08007b03   Thumb Code     2  heapauxi.o(.text)
    __rt_heap_expand$2region                 0x08007b05   Thumb Code     2  heapauxi.o(.text)
    __I$use$semihosting                      0x08007b07   Thumb Code     0  use_no_semi.o(.text)
    __use_no_semihosting_swi                 0x08007b07   Thumb Code     2  use_no_semi.o(.text)
    _printf_int_common                       0x08007b09   Thumb Code   178  _printf_intcommon.o(.text)
    __lib_sel_fp_printf                      0x08007bbb   Thumb Code     2  _printf_fp_dec.o(.text)
    _printf_fp_dec_real                      0x08007d69   Thumb Code   620  _printf_fp_dec.o(.text)
    _printf_char_common                      0x08007fdf   Thumb Code    32  _printf_char_common.o(.text)
    _sputc                                   0x08008005   Thumb Code    10  _sputc.o(.text)
    _printf_char_file                        0x08008011   Thumb Code    32  _printf_char_file.o(.text)
    __rt_locale                              0x08008035   Thumb Code     8  rt_locale_intlibspace.o(.text)
    _ll_udiv10                               0x0800803d   Thumb Code   138  lludiv10.o(.text)
    _printf_fp_infnan                        0x080080c9   Thumb Code   112  _printf_fp_infnan.o(.text)
    _btod_etento                             0x08008149   Thumb Code   216  bigflt0.o(.text)
    ferror                                   0x08008225   Thumb Code     8  ferror.o(.text)
    __user_libspace                          0x0800822d   Thumb Code     8  libspace.o(.text)
    __user_perproc_libspace                  0x0800822d   Thumb Code     0  libspace.o(.text)
    __user_perthread_libspace                0x0800822d   Thumb Code     0  libspace.o(.text)
    __user_setup_stackheap                   0x08008235   Thumb Code    74  sys_stackheap_outer.o(.text)
    exit                                     0x0800827f   Thumb Code    18  exit.o(.text)
    strcmp                                   0x08008291   Thumb Code   128  strcmpv7m.o(.text)
    _btod_d2e                                0x08008311   Thumb Code    62  btod.o(CL$$btod_d2e)
    _d2e_denorm_low                          0x0800834f   Thumb Code    70  btod.o(CL$$btod_d2e_denorm_low)
    _d2e_norm_op1                            0x08008395   Thumb Code    96  btod.o(CL$$btod_d2e_norm_op1)
    __btod_div_common                        0x080083f5   Thumb Code   696  btod.o(CL$$btod_div_common)
    _e2e                                     0x0800872d   Thumb Code   198  btod.o(CL$$btod_e2e)
    _btod_ediv                               0x080087f3   Thumb Code    40  btod.o(CL$$btod_ediv)
    _btod_emul                               0x0800881b   Thumb Code    40  btod.o(CL$$btod_emul)
    __btod_mult_common                       0x08008843   Thumb Code   580  btod.o(CL$$btod_mult_common)
    __ARM_fpclassify                         0x08008a87   Thumb Code    48  fpclassify.o(i.__ARM_fpclassify)
    __hardfp_fabs                            0x08008ab7   Thumb Code    20  fabs.o(i.__hardfp_fabs)
    _is_digit                                0x08008acb   Thumb Code    14  __printf_wp.o(i._is_digit)
    _get_lc_numeric                          0x08008ad9   Thumb Code    44  lc_numeric_c.o(locale$$code)
    __aeabi_d2f                              0x08008b05   Thumb Code     0  d2f.o(x$fpl$d2f)
    _d2f                                     0x08008b05   Thumb Code    98  d2f.o(x$fpl$d2f)
    __aeabi_d2uiz                            0x08008b69   Thumb Code     0  dfixu.o(x$fpl$dfixu)
    _dfixu                                   0x08008b69   Thumb Code    90  dfixu.o(x$fpl$dfixu)
    __aeabi_ui2d                             0x08008bc3   Thumb Code     0  dflt_clz.o(x$fpl$dfltu)
    _dfltu                                   0x08008bc3   Thumb Code    38  dflt_clz.o(x$fpl$dfltu)
    __aeabi_dmul                             0x08008be9   Thumb Code     0  dmul.o(x$fpl$dmul)
    _dmul                                    0x08008be9   Thumb Code   332  dmul.o(x$fpl$dmul)
    __fpl_dnaninf                            0x08008d3d   Thumb Code   156  dnaninf.o(x$fpl$dnaninf)
    __fpl_dretinf                            0x08008dd9   Thumb Code    12  dretinf.o(x$fpl$dretinf)
    __aeabi_f2d                              0x08008de5   Thumb Code     0  f2d.o(x$fpl$f2d)
    _f2d                                     0x08008de5   Thumb Code    86  f2d.o(x$fpl$f2d)
    __fpl_fnaninf                            0x08008e3b   Thumb Code   140  fnaninf.o(x$fpl$fnaninf)
    _fp_init                                 0x08008ec7   Thumb Code    10  fpinit.o(x$fpl$fpinit)
    __fplib_config_fpu_vfp                   0x08008ecf   Thumb Code     0  fpinit.o(x$fpl$fpinit)
    __fplib_config_pureend_doubles           0x08008ecf   Thumb Code     0  fpinit.o(x$fpl$fpinit)
    __fpl_fretinf                            0x08008ed1   Thumb Code    10  fretinf.o(x$fpl$fretinf)
    _printf_fp_dec                           0x08008edb   Thumb Code     4  printf1.o(x$fpl$printf1)
    __I$use$fp                               0x08008ede   Number         0  usenofp.o(x$fpl$usenofp)
    asc2_1206                                0x08008ede   Data        1140  lcd.o(.constdata)
    asc2_1608                                0x08009352   Data        1520  lcd.o(.constdata)
    asc2_2412                                0x08009942   Data        3420  lcd.o(.constdata)
    FSMC_DefaultTimingStruct                 0x0800a6a0   Data          28  stm32f4xx_fsmc.o(.constdata)
    Region$$Table$$Base                      0x0800a78c   Number         0  anon$$obj.o(Region$$Table)
    Region$$Table$$Limit                     0x0800a7ac   Number         0  anon$$obj.o(Region$$Table)
    SystemCoreClock                          0x20000000   Data           4  system_stm32f4xx.o(.data)
    AHBPrescTable                            0x20000004   Data          16  system_stm32f4xx.o(.data)
    POINT_COLOR                              0x20000014   Data           2  lcd.o(.data)
    BACK_COLOR                               0x20000016   Data           2  lcd.o(.data)
    __stdout                                 0x20000024   Data           4  usart.o(.data)
    USART_RX_STA                             0x20000028   Data           2  usart.o(.data)
    lcddev                                   0x2000003c   Data          14  lcd.o(.bss)
    PidMotor_1                               0x2000004c   Data          24  pid_initial.o(.bss)
    USART_RX_BUF                             0x20000064   Data         200  usart.o(.bss)
    __libspace_start                         0x2000012c   Data          96  libspace.o(.bss)
    __temporary_stack_top$libspace           0x2000018c   Data           0  libspace.o(.bss)



==============================================================================

Memory Map of the image

  Image Entry point : 0x08000189

  Load Region LR_IROM1 (Base: 0x08000000, Size: 0x0000a804, Max: 0x00100000, ABSOLUTE)

    Execution Region ER_IROM1 (Base: 0x08000000, Size: 0x0000a7c8, Max: 0x00100000, ABSOLUTE)

    Base Addr    Size         Type   Attr      Idx    E Section Name        Object

    0x08000000   0x00000188   Data   RO          442    RESET               startup_stm32f40_41xxx.o
    0x08000188   0x00000008   Code   RO          654  * !!!main             c_w.l(__main.o)
    0x08000190   0x00000034   Code   RO          902    !!!scatter          c_w.l(__scatter.o)
    0x080001c4   0x0000001a   Code   RO          904    !!handler_copy      c_w.l(__scatter_copy.o)
    0x080001de   0x00000002   PAD
    0x080001e0   0x0000001c   Code   RO          906    !!handler_zi        c_w.l(__scatter_zi.o)
    0x080001fc   0x00000000   Code   RO          651    .ARM.Collect$$_printf_percent$$00000000  c_w.l(_printf_percent.o)
    0x080001fc   0x00000006   Code   RO          650    .ARM.Collect$$_printf_percent$$00000003  c_w.l(_printf_f.o)
    0x08000202   0x00000006   Code   RO          649    .ARM.Collect$$_printf_percent$$0000000C  c_w.l(_printf_x.o)
    0x08000208   0x00000004   Code   RO          693    .ARM.Collect$$_printf_percent$$00000017  c_w.l(_printf_percent_end.o)
    0x0800020c   0x00000002   Code   RO          779    .ARM.Collect$$libinit$$00000000  c_w.l(libinit.o)
    0x0800020e   0x00000004   Code   RO          780    .ARM.Collect$$libinit$$00000001  c_w.l(libinit2.o)
    0x08000212   0x00000000   Code   RO          783    .ARM.Collect$$libinit$$00000004  c_w.l(libinit2.o)
    0x08000212   0x00000000   Code   RO          786    .ARM.Collect$$libinit$$0000000A  c_w.l(libinit2.o)
    0x08000212   0x00000000   Code   RO          788    .ARM.Collect$$libinit$$0000000C  c_w.l(libinit2.o)
    0x08000212   0x00000000   Code   RO          790    .ARM.Collect$$libinit$$0000000E  c_w.l(libinit2.o)
    0x08000212   0x00000006   Code   RO          791    .ARM.Collect$$libinit$$0000000F  c_w.l(libinit2.o)
    0x08000218   0x00000000   Code   RO          793    .ARM.Collect$$libinit$$00000011  c_w.l(libinit2.o)
    0x08000218   0x00000000   Code   RO          795    .ARM.Collect$$libinit$$00000013  c_w.l(libinit2.o)
    0x08000218   0x00000000   Code   RO          797    .ARM.Collect$$libinit$$00000015  c_w.l(libinit2.o)
    0x08000218   0x0000000a   Code   RO          798    .ARM.Collect$$libinit$$00000016  c_w.l(libinit2.o)
    0x08000222   0x00000000   Code   RO          799    .ARM.Collect$$libinit$$00000017  c_w.l(libinit2.o)
    0x08000222   0x00000000   Code   RO          801    .ARM.Collect$$libinit$$00000019  c_w.l(libinit2.o)
    0x08000222   0x00000000   Code   RO          803    .ARM.Collect$$libinit$$0000001B  c_w.l(libinit2.o)
    0x08000222   0x00000000   Code   RO          805    .ARM.Collect$$libinit$$0000001D  c_w.l(libinit2.o)
    0x08000222   0x00000000   Code   RO          807    .ARM.Collect$$libinit$$0000001F  c_w.l(libinit2.o)
    0x08000222   0x00000000   Code   RO          809    .ARM.Collect$$libinit$$00000021  c_w.l(libinit2.o)
    0x08000222   0x00000000   Code   RO          811    .ARM.Collect$$libinit$$00000023  c_w.l(libinit2.o)
    0x08000222   0x00000000   Code   RO          813    .ARM.Collect$$libinit$$00000025  c_w.l(libinit2.o)
    0x08000222   0x00000000   Code   RO          817    .ARM.Collect$$libinit$$0000002C  c_w.l(libinit2.o)
    0x08000222   0x00000000   Code   RO          819    .ARM.Collect$$libinit$$0000002E  c_w.l(libinit2.o)
    0x08000222   0x00000000   Code   RO          821    .ARM.Collect$$libinit$$00000030  c_w.l(libinit2.o)
    0x08000222   0x00000000   Code   RO          823    .ARM.Collect$$libinit$$00000032  c_w.l(libinit2.o)
    0x08000222   0x00000002   Code   RO          824    .ARM.Collect$$libinit$$00000033  c_w.l(libinit2.o)
    0x08000224   0x00000002   Code   RO          852    .ARM.Collect$$libshutdown$$00000000  c_w.l(libshutdown.o)
    0x08000226   0x00000000   Code   RO          861    .ARM.Collect$$libshutdown$$00000002  c_w.l(libshutdown2.o)
    0x08000226   0x00000000   Code   RO          863    .ARM.Collect$$libshutdown$$00000004  c_w.l(libshutdown2.o)
    0x08000226   0x00000000   Code   RO          866    .ARM.Collect$$libshutdown$$00000007  c_w.l(libshutdown2.o)
    0x08000226   0x00000000   Code   RO          869    .ARM.Collect$$libshutdown$$0000000A  c_w.l(libshutdown2.o)
    0x08000226   0x00000000   Code   RO          871    .ARM.Collect$$libshutdown$$0000000C  c_w.l(libshutdown2.o)
    0x08000226   0x00000000   Code   RO          874    .ARM.Collect$$libshutdown$$0000000F  c_w.l(libshutdown2.o)
    0x08000226   0x00000002   Code   RO          875    .ARM.Collect$$libshutdown$$00000010  c_w.l(libshutdown2.o)
    0x08000228   0x00000000   Code   RO          682    .ARM.Collect$$rtentry$$00000000  c_w.l(__rtentry.o)
    0x08000228   0x00000000   Code   RO          704    .ARM.Collect$$rtentry$$00000002  c_w.l(__rtentry2.o)
    0x08000228   0x00000006   Code   RO          716    .ARM.Collect$$rtentry$$00000004  c_w.l(__rtentry4.o)
    0x0800022e   0x00000000   Code   RO          706    .ARM.Collect$$rtentry$$00000009  c_w.l(__rtentry2.o)
    0x0800022e   0x00000004   Code   RO          707    .ARM.Collect$$rtentry$$0000000A  c_w.l(__rtentry2.o)
    0x08000232   0x00000000   Code   RO          709    .ARM.Collect$$rtentry$$0000000C  c_w.l(__rtentry2.o)
    0x08000232   0x00000008   Code   RO          710    .ARM.Collect$$rtentry$$0000000D  c_w.l(__rtentry2.o)
    0x0800023a   0x00000002   Code   RO          825    .ARM.Collect$$rtexit$$00000000  c_w.l(rtexit.o)
    0x0800023c   0x00000000   Code   RO          832    .ARM.Collect$$rtexit$$00000002  c_w.l(rtexit2.o)
    0x0800023c   0x00000004   Code   RO          833    .ARM.Collect$$rtexit$$00000003  c_w.l(rtexit2.o)
    0x08000240   0x00000006   Code   RO          834    .ARM.Collect$$rtexit$$00000004  c_w.l(rtexit2.o)
    0x08000246   0x00000002   PAD
    0x08000248   0x0000010c   Code   RO            3    .text               main.o
    0x08000354   0x0000001a   Code   RO          166    .text               stm32f4xx_it.o
    0x0800036e   0x00000002   PAD
    0x08000370   0x00000210   Code   RO          215    .text               system_stm32f4xx.o
    0x08000580   0x00004c80   Code   RO          261    .text               lcd.o
    0x08005200   0x00000130   Code   RO          299    .text               pid_initial.o
    0x08005330   0x000001a0   Code   RO          330    .text               pwm.o
    0x080054d0   0x000000f0   Code   RO          351    .text               encoder.o
    0x080055c0   0x00000104   Code   RO          371    .text               delay.o
    0x080056c4   0x0000014c   Code   RO          411    .text               usart.o
    0x08005810   0x00000040   Code   RO          443    .text               startup_stm32f40_41xxx.o
    0x08005850   0x000000e0   Code   RO          449    .text               misc.o
    0x08005930   0x00000294   Code   RO          469    .text               stm32f4xx_gpio.o
    0x08005bc4   0x000005c8   Code   RO          489    .text               stm32f4xx_fsmc.o
    0x0800618c   0x0000065c   Code   RO          512    .text               stm32f4xx_rcc.o
    0x080067e8   0x00000454   Code   RO          554    .text               stm32f4xx_usart.o
    0x08006c3c   0x00000ca2   Code   RO          574    .text               stm32f4xx_tim.o
    0x080078de   0x00000002   Code   RO          594    .text               c_w.l(use_no_semi_2.o)
    0x080078e0   0x00000018   Code   RO          600    .text               c_w.l(noretval__2printf.o)
    0x080078f8   0x00000028   Code   RO          602    .text               c_w.l(noretval__2sprintf.o)
    0x08007920   0x0000004e   Code   RO          606    .text               c_w.l(_printf_pad.o)
    0x0800796e   0x00000002   PAD
    0x08007970   0x00000058   Code   RO          611    .text               c_w.l(_printf_hex_int.o)
    0x080079c8   0x00000138   Code   RO          641    .text               c_w.l(__printf_flags_wp.o)
    0x08007b00   0x00000006   Code   RO          652    .text               c_w.l(heapauxi.o)
    0x08007b06   0x00000002   Code   RO          680    .text               c_w.l(use_no_semi.o)
    0x08007b08   0x000000b2   Code   RO          683    .text               c_w.l(_printf_intcommon.o)
    0x08007bba   0x0000041a   Code   RO          685    .text               c_w.l(_printf_fp_dec.o)
    0x08007fd4   0x00000030   Code   RO          687    .text               c_w.l(_printf_char_common.o)
    0x08008004   0x0000000a   Code   RO          689    .text               c_w.l(_sputc.o)
    0x0800800e   0x00000002   PAD
    0x08008010   0x00000024   Code   RO          691    .text               c_w.l(_printf_char_file.o)
    0x08008034   0x00000008   Code   RO          721    .text               c_w.l(rt_locale_intlibspace.o)
    0x0800803c   0x0000008a   Code   RO          723    .text               c_w.l(lludiv10.o)
    0x080080c6   0x00000002   PAD
    0x080080c8   0x00000080   Code   RO          725    .text               c_w.l(_printf_fp_infnan.o)
    0x08008148   0x000000dc   Code   RO          729    .text               c_w.l(bigflt0.o)
    0x08008224   0x00000008   Code   RO          754    .text               c_w.l(ferror.o)
    0x0800822c   0x00000008   Code   RO          765    .text               c_w.l(libspace.o)
    0x08008234   0x0000004a   Code   RO          768    .text               c_w.l(sys_stackheap_outer.o)
    0x0800827e   0x00000012   Code   RO          770    .text               c_w.l(exit.o)
    0x08008290   0x00000080   Code   RO          772    .text               c_w.l(strcmpv7m.o)
    0x08008310   0x0000003e   Code   RO          732    CL$$btod_d2e        c_w.l(btod.o)
    0x0800834e   0x00000046   Code   RO          734    CL$$btod_d2e_denorm_low  c_w.l(btod.o)
    0x08008394   0x00000060   Code   RO          733    CL$$btod_d2e_norm_op1  c_w.l(btod.o)
    0x080083f4   0x00000338   Code   RO          742    CL$$btod_div_common  c_w.l(btod.o)
    0x0800872c   0x000000c6   Code   RO          739    CL$$btod_e2e        c_w.l(btod.o)
    0x080087f2   0x00000028   Code   RO          736    CL$$btod_ediv       c_w.l(btod.o)
    0x0800881a   0x00000028   Code   RO          735    CL$$btod_emul       c_w.l(btod.o)
    0x08008842   0x00000244   Code   RO          741    CL$$btod_mult_common  c_w.l(btod.o)
    0x08008a86   0x00000030   Code   RO          763    i.__ARM_fpclassify  m_wm.l(fpclassify.o)
    0x08008ab6   0x00000014   Code   RO          674    i.__hardfp_fabs     m_wm.l(fabs.o)
    0x08008aca   0x0000000e   Code   RO          639    i._is_digit         c_w.l(__printf_wp.o)
    0x08008ad8   0x0000002c   Code   RO          759    locale$$code        c_w.l(lc_numeric_c.o)
    0x08008b04   0x00000062   Code   RO          656    x$fpl$d2f           fz_wm.l(d2f.o)
    0x08008b66   0x00000002   PAD
    0x08008b68   0x0000005a   Code   RO          658    x$fpl$dfixu         fz_wm.l(dfixu.o)
    0x08008bc2   0x00000026   Code   RO          662    x$fpl$dfltu         fz_wm.l(dflt_clz.o)
    0x08008be8   0x00000154   Code   RO          668    x$fpl$dmul          fz_wm.l(dmul.o)
    0x08008d3c   0x0000009c   Code   RO          694    x$fpl$dnaninf       fz_wm.l(dnaninf.o)
    0x08008dd8   0x0000000c   Code   RO          696    x$fpl$dretinf       fz_wm.l(dretinf.o)
    0x08008de4   0x00000056   Code   RO          670    x$fpl$f2d           fz_wm.l(f2d.o)
    0x08008e3a   0x0000008c   Code   RO          698    x$fpl$fnaninf       fz_wm.l(fnaninf.o)
    0x08008ec6   0x0000000a   Code   RO          829    x$fpl$fpinit        fz_wm.l(fpinit.o)
    0x08008ed0   0x0000000a   Code   RO          700    x$fpl$fretinf       fz_wm.l(fretinf.o)
    0x08008eda   0x00000004   Code   RO          672    x$fpl$printf1       fz_wm.l(printf1.o)
    0x08008ede   0x00000000   Code   RO          702    x$fpl$usenofp       fz_wm.l(usenofp.o)
    0x08008ede   0x000017c0   Data   RO          263    .constdata          lcd.o
    0x0800a69e   0x00000002   PAD
    0x0800a6a0   0x0000001c   Data   RO          490    .constdata          stm32f4xx_fsmc.o
    0x0800a6bc   0x00000028   Data   RO          612    .constdata          c_w.l(_printf_hex_int.o)
    0x0800a6e4   0x00000011   Data   RO          642    .constdata          c_w.l(__printf_flags_wp.o)
    0x0800a6f5   0x00000003   PAD
    0x0800a6f8   0x00000094   Data   RO          730    .constdata          c_w.l(bigflt0.o)
    0x0800a78c   0x00000020   Data   RO          900    Region$$Table       anon$$obj.o
    0x0800a7ac   0x0000001c   Data   RO          758    locale$$data        c_w.l(lc_numeric_c.o)


    Execution Region RW_IRAM1 (Base: 0x20000000, Size: 0x00000790, Max: 0x00020000, ABSOLUTE)

    Base Addr    Size         Type   Attr      Idx    E Section Name        Object

    0x20000000   0x00000014   Data   RW          216    .data               system_stm32f4xx.o
    0x20000014   0x00000004   Data   RW          264    .data               lcd.o
    0x20000018   0x00000008   Data   RW          301    .data               pid_initial.o
    0x20000020   0x00000004   Data   RW          372    .data               delay.o
    0x20000024   0x00000006   Data   RW          413    .data               usart.o
    0x2000002a   0x00000010   Data   RW          513    .data               stm32f4xx_rcc.o
    0x2000003a   0x00000002   PAD
    0x2000003c   0x0000000e   Zero   RW          262    .bss                lcd.o
    0x2000004a   0x00000002   PAD
    0x2000004c   0x00000018   Zero   RW          300    .bss                pid_initial.o
    0x20000064   0x000000c8   Zero   RW          412    .bss                usart.o
    0x2000012c   0x00000060   Zero   RW          766    .bss                c_w.l(libspace.o)
    0x2000018c   0x00000004   PAD
    0x20000190   0x00000200   Zero   RW          441    HEAP                startup_stm32f40_41xxx.o
    0x20000390   0x00000400   Zero   RW          440    STACK               startup_stm32f40_41xxx.o


==============================================================================

Image component sizes


      Code (inc. data)   RO Data    RW Data    ZI Data      Debug   Object Name

       260          8          0          4          0       1485   delay.o
       240          8          0          0          0        748   encoder.o
     19584        174       6080          4         14      22910   lcd.o
       268         80          0          0          0     290527   main.o
       224         20          0          0          0       1825   misc.o
       304         32          0          8         24       1486   pid_initial.o
       416         18          0          0          0       1662   pwm.o
        64         26        392          0       1536        840   startup_stm32f40_41xxx.o
      1480         18         28          0          0       5658   stm32f4xx_fsmc.o
       660         44          0          0          0       4165   stm32f4xx_gpio.o
        26          0          0          0          0       1226   stm32f4xx_it.o
      1628         52          0         16          0      13044   stm32f4xx_rcc.o
      3234         60          0          0          0      23020   stm32f4xx_tim.o
      1108         34          0          0          0       7888   stm32f4xx_usart.o
       528         46          0         20          0       1787   system_stm32f4xx.o
       332         18          0          6        200       3362   usart.o

    ----------------------------------------------------------------------
     30358        638       6534         60       1776     381633   Object Totals
         0          0         32          0          0          0   (incl. Generated)
         2          0          2          2          2          0   (incl. Padding)

    ----------------------------------------------------------------------

      Code (inc. data)   RO Data    RW Data    ZI Data      Debug   Library Member Name

         8          0          0          0          0         68   __main.o
       312          4         17          0          0         92   __printf_flags_wp.o
        14          0          0          0          0         68   __printf_wp.o
         0          0          0          0          0          0   __rtentry.o
        12          0          0          0          0          0   __rtentry2.o
         6          0          0          0          0          0   __rtentry4.o
        52          8          0          0          0          0   __scatter.o
        26          0          0          0          0          0   __scatter_copy.o
        28          0          0          0          0          0   __scatter_zi.o
        48          6          0          0          0         96   _printf_char_common.o
        36          4          0          0          0         80   _printf_char_file.o
         6          0          0          0          0          0   _printf_f.o
      1050          0          0          0          0        216   _printf_fp_dec.o
       128         16          0          0          0         84   _printf_fp_infnan.o
        88          4         40          0          0         88   _printf_hex_int.o
       178          0          0          0          0         88   _printf_intcommon.o
        78          0          0          0          0        108   _printf_pad.o
         0          0          0          0          0          0   _printf_percent.o
         4          0          0          0          0          0   _printf_percent_end.o
         6          0          0          0          0          0   _printf_x.o
        10          0          0          0          0         68   _sputc.o
       220          4        148          0          0         96   bigflt0.o
      1910        128          0          0          0        672   btod.o
        18          0          0          0          0         80   exit.o
         8          0          0          0          0         68   ferror.o
         6          0          0          0          0        152   heapauxi.o
        44         10         28          0          0         76   lc_numeric_c.o
         2          0          0          0          0          0   libinit.o
        22          0          0          0          0          0   libinit2.o
         2          0          0          0          0          0   libshutdown.o
         2          0          0          0          0          0   libshutdown2.o
         8          4          0          0         96         68   libspace.o
       138          0          0          0          0         80   lludiv10.o
        24          4          0          0          0         84   noretval__2printf.o
        40          6          0          0          0         84   noretval__2sprintf.o
         8          4          0          0          0         68   rt_locale_intlibspace.o
         2          0          0          0          0          0   rtexit.o
        10          0          0          0          0          0   rtexit2.o
       128          0          0          0          0         68   strcmpv7m.o
        74          0          0          0          0         80   sys_stackheap_outer.o
         2          0          0          0          0         68   use_no_semi.o
         2          0          0          0          0         68   use_no_semi_2.o
        98          4          0          0          0        140   d2f.o
        90          4          0          0          0        140   dfixu.o
        38          0          0          0          0        116   dflt_clz.o
       340         12          0          0          0        152   dmul.o
       156          4          0          0          0        140   dnaninf.o
        12          0          0          0          0        116   dretinf.o
        86          4          0          0          0        132   f2d.o
       140          4          0          0          0        132   fnaninf.o
        10          0          0          0          0        116   fpinit.o
        10          0          0          0          0        116   fretinf.o
         4          0          0          0          0        116   printf1.o
         0          0          0          0          0          0   usenofp.o
        20          0          0          0          0        124   fabs.o
        48          0          0          0          0        124   fpclassify.o

    ----------------------------------------------------------------------
      5824        234        236          0        100       4532   Library Totals
        12          0          3          0          4          0   (incl. Padding)

    ----------------------------------------------------------------------

      Code (inc. data)   RO Data    RW Data    ZI Data      Debug   Library Name

      4760        202        233          0         96       2868   c_w.l
       984         32          0          0          0       1416   fz_wm.l
        68          0          0          0          0        248   m_wm.l

    ----------------------------------------------------------------------
      5824        234        236          0        100       4532   Library Totals

    ----------------------------------------------------------------------

==============================================================================


      Code (inc. data)   RO Data    RW Data    ZI Data      Debug   

     36182        872       6770         60       1876     380305   Grand Totals
     36182        872       6770         60       1876     380305   ELF Image Totals
     36182        872       6770         60          0          0   ROM Totals

==============================================================================

    Total RO  Size (Code + RO Data)                42952 (  41.95kB)
    Total RW  Size (RW Data + ZI Data)              1936 (   1.89kB)
    Total ROM Size (Code + RO Data + RW Data)      43012 (  42.00kB)

==============================================================================

